Archive member included to satisfy reference by file (symbol)

C:/Users/22868/.eide/tools/gcc_arm/bin/../lib/gcc/arm-none-eabi/15.2.1/../../../../arm-none-eabi/lib/thumb/v6-m/nofp\libm.a(libm_a-w_sqrt.o)
                              ./build/Debug/.obj/source/Hardware/LCD/lcd.o (sqrt)
C:/Users/22868/.eide/tools/gcc_arm/bin/../lib/gcc/arm-none-eabi/15.2.1/../../../../arm-none-eabi/lib/thumb/v6-m/nofp\libm.a(libm_a-wf_atan2.o)
                              ./build/Debug/.obj/source/Hardware/MPU6500/mpu6500.o (atan2f)
C:/Users/22868/.eide/tools/gcc_arm/bin/../lib/gcc/arm-none-eabi/15.2.1/../../../../arm-none-eabi/lib/thumb/v6-m/nofp\libm.a(libm_a-wf_sqrt.o)
                              ./build/Debug/.obj/source/Hardware/MPU6500/mpu6500.o (sqrtf)
C:/Users/22868/.eide/tools/gcc_arm/bin/../lib/gcc/arm-none-eabi/15.2.1/../../../../arm-none-eabi/lib/thumb/v6-m/nofp\libm.a(libm_a-e_sqrt.o)
                              C:/Users/22868/.eide/tools/gcc_arm/bin/../lib/gcc/arm-none-eabi/15.2.1/../../../../arm-none-eabi/lib/thumb/v6-m/nofp\libm.a(libm_a-w_sqrt.o) (__ieee754_sqrt)
C:/Users/22868/.eide/tools/gcc_arm/bin/../lib/gcc/arm-none-eabi/15.2.1/../../../../arm-none-eabi/lib/thumb/v6-m/nofp\libm.a(libm_a-ef_sqrt.o)
                              C:/Users/22868/.eide/tools/gcc_arm/bin/../lib/gcc/arm-none-eabi/15.2.1/../../../../arm-none-eabi/lib/thumb/v6-m/nofp\libm.a(libm_a-wf_sqrt.o) (__ieee754_sqrtf)
C:/Users/22868/.eide/tools/gcc_arm/bin/../lib/gcc/arm-none-eabi/15.2.1/../../../../arm-none-eabi/lib/thumb/v6-m/nofp\libm.a(libm_a-ef_atan2.o)
                              C:/Users/22868/.eide/tools/gcc_arm/bin/../lib/gcc/arm-none-eabi/15.2.1/../../../../arm-none-eabi/lib/thumb/v6-m/nofp\libm.a(libm_a-wf_atan2.o) (__ieee754_atan2f)
C:/Users/22868/.eide/tools/gcc_arm/bin/../lib/gcc/arm-none-eabi/15.2.1/../../../../arm-none-eabi/lib/thumb/v6-m/nofp\libm.a(libm_a-sf_atan.o)
                              C:/Users/22868/.eide/tools/gcc_arm/bin/../lib/gcc/arm-none-eabi/15.2.1/../../../../arm-none-eabi/lib/thumb/v6-m/nofp\libm.a(libm_a-ef_atan2.o) (atanf)
C:/Users/22868/.eide/tools/gcc_arm/bin/../lib/gcc/arm-none-eabi/15.2.1/../../../../arm-none-eabi/lib/thumb/v6-m/nofp\libm.a(libm_a-sf_fabs.o)
                              C:/Users/22868/.eide/tools/gcc_arm/bin/../lib/gcc/arm-none-eabi/15.2.1/../../../../arm-none-eabi/lib/thumb/v6-m/nofp\libm.a(libm_a-ef_atan2.o) (fabsf)
C:/Users/22868/.eide/tools/gcc_arm/bin/../lib/gcc/arm-none-eabi/15.2.1/thumb/v6-m/nofp\libgcc.a(_udivsi3.o)
                              ./build/Debug/.obj/source/Hardware/LCD/lcd.o (__aeabi_uidiv)
C:/Users/22868/.eide/tools/gcc_arm/bin/../lib/gcc/arm-none-eabi/15.2.1/thumb/v6-m/nofp\libgcc.a(_divsi3.o)
                              ./build/Debug/.obj/source/app/app_ui.o (__aeabi_idiv)
C:/Users/22868/.eide/tools/gcc_arm/bin/../lib/gcc/arm-none-eabi/15.2.1/thumb/v6-m/nofp\libgcc.a(_dvmd_tls.o)
                              C:/Users/22868/.eide/tools/gcc_arm/bin/../lib/gcc/arm-none-eabi/15.2.1/thumb/v6-m/nofp\libgcc.a(_udivsi3.o) (__aeabi_idiv0)
C:/Users/22868/.eide/tools/gcc_arm/bin/../lib/gcc/arm-none-eabi/15.2.1/thumb/v6-m/nofp\libgcc.a(_arm_cmpdf2.o)
                              C:/Users/22868/.eide/tools/gcc_arm/bin/../lib/gcc/arm-none-eabi/15.2.1/../../../../arm-none-eabi/lib/thumb/v6-m/nofp\libm.a(libm_a-w_sqrt.o) (__aeabi_dcmplt)
C:/Users/22868/.eide/tools/gcc_arm/bin/../lib/gcc/arm-none-eabi/15.2.1/thumb/v6-m/nofp\libgcc.a(_arm_cmpsf2.o)
                              ./build/Debug/.obj/source/main.o (__aeabi_fcmpeq)
C:/Users/22868/.eide/tools/gcc_arm/bin/../lib/gcc/arm-none-eabi/15.2.1/thumb/v6-m/nofp\libgcc.a(_fixunssfsi.o)
                              ./build/Debug/.obj/source/Hardware/LCD/lcd.o (__aeabi_f2uiz)
C:/Users/22868/.eide/tools/gcc_arm/bin/../lib/gcc/arm-none-eabi/15.2.1/thumb/v6-m/nofp\libgcc.a(addsf3.o)
                              ./build/Debug/.obj/source/Hardware/MPU6500/mpu6500.o (__aeabi_fadd)
C:/Users/22868/.eide/tools/gcc_arm/bin/../lib/gcc/arm-none-eabi/15.2.1/thumb/v6-m/nofp\libgcc.a(divsf3.o)
                              ./build/Debug/.obj/source/Hardware/MPU6500/mpu6500.o (__aeabi_fdiv)
C:/Users/22868/.eide/tools/gcc_arm/bin/../lib/gcc/arm-none-eabi/15.2.1/thumb/v6-m/nofp\libgcc.a(eqsf2.o)
                              C:/Users/22868/.eide/tools/gcc_arm/bin/../lib/gcc/arm-none-eabi/15.2.1/thumb/v6-m/nofp\libgcc.a(_arm_cmpsf2.o) (__eqsf2)
C:/Users/22868/.eide/tools/gcc_arm/bin/../lib/gcc/arm-none-eabi/15.2.1/thumb/v6-m/nofp\libgcc.a(gesf2.o)
                              C:/Users/22868/.eide/tools/gcc_arm/bin/../lib/gcc/arm-none-eabi/15.2.1/thumb/v6-m/nofp\libgcc.a(_arm_cmpsf2.o) (__gesf2)
C:/Users/22868/.eide/tools/gcc_arm/bin/../lib/gcc/arm-none-eabi/15.2.1/thumb/v6-m/nofp\libgcc.a(lesf2.o)
                              C:/Users/22868/.eide/tools/gcc_arm/bin/../lib/gcc/arm-none-eabi/15.2.1/thumb/v6-m/nofp\libgcc.a(_arm_cmpsf2.o) (__lesf2)
[...]
Memory Configuration

Name             Origin             Length             Attributes
FLASH            0x00000000         0x0001fc00         xr
LIFT_CONFIG      0x0001fc00         0x00000400         r
SRAM             0x20200000         0x00008000         xrw
BCR_CONFIG       0x41c00000         0x000000ff         r
BSL_CONFIG       0x41c00100         0x00000080         r
*default*        0x00000000         0xffffffff

Linker script and memory map

LOAD C:/Users/22868/.eide/tools/gcc_arm/bin/../lib/gcc/arm-none-eabi/15.2.1/thumb/v6-m/nofp/crti.o
LOAD C:/Users/22868/.eide/tools/gcc_arm/bin/../lib/gcc/arm-none-eabi/15.2.1/thumb/v6-m/nofp/crtbegin.o
LOAD C:/Users/22868/.eide/tools/gcc_arm/bin/../lib/gcc/arm-none-eabi/15.2.1/../../../../arm-none-eabi/lib/thumb/v6-m/nofp/crt0.o
LOAD ./build/Debug/.obj/libraries/ti/devices/msp/m0p/startup_system_files/gcc/startup_mspm0g350x_gcc.o
LOAD ./build/Debug/.obj/source/CTRL/Jetson/serial_ctrl.o
LOAD ./build/Debug/.obj/source/Hardware/BlueSerial/DL_30.o
LOAD ./build/Debug/.obj/source/Hardware/BlueSerial/bsp_hc05.o
LOAD ./build/Debug/.obj/source/Hardware/BlueSerial/bsp_hc05_1.o
LOAD ./build/Debug/.obj/source/Hardware/Board/board.o
LOAD ./build/Debug/.obj/source/Hardware/Buzzer&Light/B&L.o
LOAD ./build/Debug/.obj/source/Hardware/Encoder/Encoder.o
LOAD ./build/Debug/.obj/source/Hardware/Key/Key.o
LOAD ./build/Debug/.obj/source/Hardware/LCD/lcd.o
LOAD ./build/Debug/.obj/source/Hardware/LCD/lcd_init.o
LOAD ./build/Debug/.obj/source/Hardware/MPU6500/mpu6500.o
LOAD ./build/Debug/.obj/source/Hardware/Motor/42Motor.o
LOAD ./build/Debug/.obj/source/Hardware/Motor/stepper_motor.o
LOAD ./build/Debug/.obj/source/Hardware/TB6612/bsp_tb6612.o
LOAD ./build/Debug/.obj/source/Hardware/jy901s/jy901s.o
LOAD ./build/Debug/.obj/source/app/app_irtracking.o
LOAD ./build/Debug/.obj/source/app/app_key_task.o
LOAD ./build/Debug/.obj/source/app/app_ui.o
LOAD ./build/Debug/.obj/source/main.o
LOAD ./build/Debug/.obj/source/middle/mid_button.o
LOAD ./build/Debug/.obj/source/middle/mid_debug_led.o
LOAD ./build/Debug/.obj/source/middle/mid_laptime.o
LOAD ./build/Debug/.obj/source/middle/mid_pid.o
LOAD ./build/Debug/.obj/source/retarget_syscalls.o
LOAD ./build/Debug/.obj/source/ti_msp_dl_config.o
LOAD C:/Users/22868/.eide/tools/gcc_arm/bin/../lib/gcc/arm-none-eabi/15.2.1/../../../../arm-none-eabi/lib/thumb/v6-m/nofp\libm.a
START GROUP
LOAD C:/Users/22868/.eide/tools/gcc_arm/bin/../lib/gcc/arm-none-eabi/15.2.1/thumb/v6-m/nofp\libgcc.a
LOAD C:/Users/22868/.eide/tools/gcc_arm/bin/../lib/gcc/arm-none-eabi/15.2.1/../../../../arm-none-eabi/lib/thumb/v6-m/nofp\libc_nano.a
END GROUP
START GROUP
LOAD C:/Users/22868/.eide/tools/gcc_arm/bin/../lib/gcc/arm-none-eabi/15.2.1/thumb/v6-m/nofp\libgcc.a
LOAD C:/Users/22868/.eide/tools/gcc_arm/bin/../lib/gcc/arm-none-eabi/15.2.1/../../../../arm-none-eabi/lib/thumb/v6-m/nofp\libc_nano.a
LOAD C:/Users/22868/.eide/tools/gcc_arm/bin/../lib/gcc/arm-none-eabi/15.2.1/../../../../arm-none-eabi/lib/thumb/v6-m/nofp\libnosys.a
END GROUP
START GROUP
LOAD C:/Users/22868/.eide/tools/gcc_arm/bin/../lib/gcc/arm-none-eabi/15.2.1/thumb/v6-m/nofp\libgcc.a
LOAD C:/Users/22868/.eide/tools/gcc_arm/bin/../lib/gcc/arm-none-eabi/15.2.1/../../../../arm-none-eabi/lib/thumb/v6-m/nofp\libc_nano.a
LOAD C:/Users/22868/.eide/tools/gcc_arm/bin/../lib/gcc/arm-none-eabi/15.2.1/../../../../arm-none-eabi/lib/thumb/v6-m/nofp\libnosys.a
END GROUP
LOAD C:/Users/22868/.eide/tools/gcc_arm/bin/../lib/gcc/arm-none-eabi/15.2.1/thumb/v6-m/nofp/crtend.o
LOAD C:/Users/22868/.eide/tools/gcc_arm/bin/../lib/gcc/arm-none-eabi/15.2.1/thumb/v6-m/nofp/crtn.o
                0x00000000                        _Min_Heap_Size = 0x0
                0x00000080                        _Min_Stack_Size = 0x80
                0x00000000                        PROVIDE (_intvecs_base_address = DEFINED (_intvecs_base_address)?_intvecs_base_address:0x0)

.intvecs        0x00000000       0xc0
 *(.intvecs)
 .intvecs       0x00000000       0xc0 ./build/Debug/.obj/libraries/ti/devices/msp/m0p/startup_system_files/gcc/startup_mspm0g350x_gcc.o
                0x00000000                interruptVectors
                0x20200000                        PROVIDE (_vtable_base_address = DEFINED (_vtable_base_address)?_vtable_base_address:0x20200000)

.vtable
 *(.vtable)

.text           0x000000c0     0x94a0
 CREATE_OBJECT_SYMBOLS
 *(.text)
 .text          0x000000c0        0x0 C:/Users/22868/.eide/tools/gcc_arm/bin/../lib/gcc/arm-none-eabi/15.2.1/thumb/v6-m/nofp/crti.o
 .text          0x000000c0        0x0 C:/Users/22868/.eide/tools/gcc_arm/bin/../lib/gcc/arm-none-eabi/15.2.1/thumb/v6-m/nofp/crtbegin.o
 .text          0x000000c0       0x80 C:/Users/22868/.eide/tools/gcc_arm/bin/../lib/gcc/arm-none-eabi/15.2.1/../../../../arm-none-eabi/lib/thumb/v6-m/nofp/crt0.o
                0x000000c0                _stack_init
                0x000000cc                _start
                0x000000cc                _mainCRTStartup
 .text          0x00000140        0x0 ./build/Debug/.obj/libraries/ti/devices/msp/m0p/startup_system_files/gcc/startup_mspm0g350x_gcc.o
 .text          0x00000140        0x0 ./build/Debug/.obj/source/CTRL/Jetson/serial_ctrl.o
 .text          0x00000140        0x0 ./build/Debug/.obj/source/Hardware/BlueSerial/DL_30.o
 .text          0x00000140        0x0 ./build/Debug/.obj/source/Hardware/BlueSerial/bsp_hc05.o
 .text          0x00000140        0x0 ./build/Debug/.obj/source/Hardware/BlueSerial/bsp_hc05_1.o
 .text          0x00000140        0x0 ./build/Debug/.obj/source/Hardware/Board/board.o
 .text          0x00000140        0x0 ./build/Debug/.obj/source/Hardware/Buzzer&Light/B&L.o
 .text          0x00000140        0x0 ./build/Debug/.obj/source/Hardware/Encoder/Encoder.o
 .text          0x00000140        0x0 ./build/Debug/.obj/source/Hardware/Key/Key.o
 .text          0x00000140        0x0 ./build/Debug/.obj/source/Hardware/LCD/lcd.o
 .text          0x00000140        0x0 ./build/Debug/.obj/source/Hardware/LCD/lcd_init.o
 .text          0x00000140        0x0 ./build/Debug/.obj/source/Hardware/MPU6500/mpu6500.o
 .text          0x00000140        0x0 ./build/Debug/.obj/source/Hardware/Motor/42Motor.o
 .text          0x00000140        0x0 ./build/Debug/.obj/source/Hardware/Motor/stepper_motor.o
 .text          0x00000140        0x0 ./build/Debug/.obj/source/Hardware/TB6612/bsp_tb6612.o
 .text          0x00000140        0x0 ./build/Debug/.obj/source/Hardware/jy901s/jy901s.o
 .text          0x00000140        0x0 ./build/Debug/.obj/source/app/app_irtracking.o
 .text          0x00000140        0x0 ./build/Debug/.obj/source/app/app_key_task.o
 .text          0x00000140        0x0 ./build/Debug/.obj/source/app/app_ui.o
 .text          0x00000140        0x0 ./build/Debug/.obj/source/main.o
 .text          0x00000140        0x0 ./build/Debug/.obj/source/middle/mid_button.o
 .text          0x00000140        0x0 ./build/Debug/.obj/source/middle/mid_debug_led.o
 .text          0x00000140        0x0 ./build/Debug/.obj/source/middle/mid_laptime.o
 .text          0x00000140        0x0 ./build/Debug/.obj/source/middle/mid_pid.o
 .text          0x00000140        0x0 ./build/Debug/.obj/source/retarget_syscalls.o
 .text          0x00000140        0x0 ./build/Debug/.obj/source/ti_msp_dl_config.o
 .text          0x00000140        0x0 C:/Users/22868/.eide/tools/gcc_arm/bin/../lib/gcc/arm-none-eabi/15.2.1/../../../../arm-none-eabi/lib/thumb/v6-m/nofp\libm.a(libm_a-w_sqrt.o)
 .text          0x00000140        0x0 C:/Users/22868/.eide/tools/gcc_arm/bin/../lib/gcc/arm-none-eabi/15.2.1/../../../../arm-none-eabi/lib/thumb/v6-m/nofp\libm.a(libm_a-wf_atan2.o)
 .text          0x00000140        0x0 C:/Users/22868/.eide/tools/gcc_arm/bin/../lib/gcc/arm-none-eabi/15.2.1/../../../../arm-none-eabi/lib/thumb/v6-m/nofp\libm.a(libm_a-wf_sqrt.o)
 .text          0x00000140        0x0 C:/Users/22868/.eide/tools/gcc_arm/bin/../lib/gcc/arm-none-eabi/15.2.1/../../../../arm-none-eabi/lib/thumb/v6-m/nofp\libm.a(libm_a-e_sqrt.o)
 .text          0x00000140        0x0 C:/Users/22868/.eide/tools/gcc_arm/bin/../lib/gcc/arm-none-eabi/15.2.1/../../../../arm-none-eabi/lib/thumb/v6-m/nofp\libm.a(libm_a-ef_sqrt.o)
 .text          0x00000140        0x0 C:/Users/22868/.eide/tools/gcc_arm/bin/../lib/gcc/arm-none-eabi/15.2.1/../../../../arm-none-eabi/lib/thumb/v6-m/nofp\libm.a(libm_a-ef_atan2.o)
 .text          0x00000140        0x0 C:/Users/22868/.eide/tools/gcc_arm/bin/../lib/gcc/arm-none-eabi/15.2.1/../../../../arm-none-eabi/lib/thumb/v6-m/nofp\libm.a(libm_a-sf_atan.o)
 .text          0x00000140        0x0 C:/Users/22868/.eide/tools/gcc_arm/bin/../lib/gcc/arm-none-eabi/15.2.1/../../../../arm-none-eabi/lib/thumb/v6-m/nofp\libm.a(libm_a-sf_fabs.o)
 .text          0x00000140      0x114 C:/Users/22868/.eide/tools/gcc_arm/bin/../lib/gcc/arm-none-eabi/15.2.1/thumb/v6-m/nofp\libgcc.a(_udivsi3.o)
                0x00000140                __aeabi_uidiv
                0x00000140                __udivsi3
                0x0000024c                __aeabi_uidivmod
 .text          0x00000254      0x1d4 C:/Users/22868/.eide/tools/gcc_arm/bin/../lib/gcc/arm-none-eabi/15.2.1/thumb/v6-m/nofp\libgcc.a(_divsi3.o)
                0x00000254                __divsi3
                0x00000254                __aeabi_idiv
                0x00000420                __aeabi_idivmod
 .text          0x00000428        0x4 C:/Users/22868/.eide/tools/gcc_arm/bin/../lib/gcc/arm-none-eabi/15.2.1/thumb/v6-m/nofp\libgcc.a(_dvmd_tls.o)
                0x00000428                __aeabi_idiv0
                0x00000428                __aeabi_ldiv0
 .text          0x0000042c       0x7c C:/Users/22868/.eide/tools/gcc_arm/bin/../lib/gcc/arm-none-eabi/15.2.1/thumb/v6-m/nofp\libgcc.a(_arm_cmpdf2.o)
                0x0000042c                __aeabi_cdrcmple
                0x0000043c                __aeabi_cdcmple
                0x0000043c                __aeabi_cdcmpeq
                0x0000044c                __aeabi_dcmpeq
                0x00000458                __aeabi_dcmplt
                0x0000046c                __aeabi_dcmple
                0x00000480                __aeabi_dcmpgt
                0x00000494                __aeabi_dcmpge
 .text          0x000004a8       0x74 C:/Users/22868/.eide/tools/gcc_arm/bin/../lib/gcc/arm-none-eabi/15.2.1/thumb/v6-m/nofp\libgcc.a(_arm_cmpsf2.o)
                0x000004a8                __aeabi_cfrcmple
                0x000004b0                __aeabi_cfcmpeq
                0x000004b0                __aeabi_cfcmple
                0x000004c0                __aeabi_fcmpeq
                0x000004cc                __aeabi_fcmplt
                0x000004e0                __aeabi_fcmple
                0x000004f4                __aeabi_fcmpgt
                0x00000508                __aeabi_fcmpge
 .text          0x0000051c        0x0 C:/Users/22868/.eide/tools/gcc_arm/bin/../lib/gcc/arm-none-eabi/15.2.1/thumb/v6-m/nofp\libgcc.a(_fixunssfsi.o)
 .text          0x0000051c        0x0 C:/Users/22868/.eide/tools/gcc_arm/bin/../lib/gcc/arm-none-eabi/15.2.1/thumb/v6-m/nofp\libgcc.a(addsf3.o)
 .text          0x0000051c        0x0 C:/Users/22868/.eide/tools/gcc_arm/bin/../lib/gcc/arm-none-eabi/15.2.1/thumb/v6-m/nofp\libgcc.a(divsf3.o)
 .text          0x0000051c        0x0 C:/Users/22868/.eide/tools/gcc_arm/bin/../lib/gcc/arm-none-eabi/15.2.1/thumb/v6-m/nofp\libgcc.a(eqsf2.o)
 .text          0x0000051c        0x0 C:/Users/22868/.eide/tools/gcc_arm/bin/../lib/gcc/arm-none-eabi/15.2.1/thumb/v6-m/nofp\libgcc.a(gesf2.o)
 .text          0x0000051c        0x0 C:/Users/22868/.eide/tools/gcc_arm/bin/../lib/gcc/arm-none-eabi/15.2.1/thumb/v6-m/nofp\libgcc.a(lesf2.o)
 .text          0x0000051c        0x0 C:/Users/22868/.eide/tools/gcc_arm/bin/../lib/gcc/arm-none-eabi/15.2.1/thumb/v6-m/nofp\libgcc.a(mulsf3.o)
 .text          0x0000051c        0x0 C:/Users/22868/.eide/tools/gcc_arm/bin/../lib/gcc/arm-none-eabi/15.2.1/thumb/v6-m/nofp\libgcc.a(subsf3.o)
 .text          0x0000051c        0x0 C:/Users/22868/.eide/tools/gcc_arm/bin/../lib/gcc/arm-none-eabi/15.2.1/thumb/v6-m/nofp\libgcc.a(unordsf2.o)
 .text          0x0000051c        0x0 C:/Users/22868/.eide/tools/gcc_arm/bin/../lib/gcc/arm-none-eabi/15.2.1/thumb/v6-m/nofp\libgcc.a(fixsfsi.o)
 .text          0x0000051c        0x0 C:/Users/22868/.eide/tools/gcc_arm/bin/../lib/gcc/arm-none-eabi/15.2.1/thumb/v6-m/nofp\libgcc.a(floatsisf.o)
 .text          0x0000051c        0x0 C:/Users/22868/.eide/tools/gcc_arm/bin/../lib/gcc/arm-none-eabi/15.2.1/thumb/v6-m/nofp\libgcc.a(floatunsisf.o)
 .text          0x0000051c        0x0 C:/Users/22868/.eide/tools/gcc_arm/bin/../lib/gcc/arm-none-eabi/15.2.1/thumb/v6-m/nofp\libgcc.a(adddf3.o)
 .text          0x0000051c        0x0 C:/Users/22868/.eide/tools/gcc_arm/bin/../lib/gcc/arm-none-eabi/15.2.1/thumb/v6-m/nofp\libgcc.a(divdf3.o)
 .text          0x0000051c        0x0 C:/Users/22868/.eide/tools/gcc_arm/bin/../lib/gcc/arm-none-eabi/15.2.1/thumb/v6-m/nofp\libgcc.a(eqdf2.o)
 .text          0x0000051c        0x0 C:/Users/22868/.eide/tools/gcc_arm/bin/../lib/gcc/arm-none-eabi/15.2.1/thumb/v6-m/nofp\libgcc.a(gedf2.o)
 .text          0x0000051c        0x0 C:/Users/22868/.eide/tools/gcc_arm/bin/../lib/gcc/arm-none-eabi/15.2.1/thumb/v6-m/nofp\libgcc.a(ledf2.o)
 .text          0x0000051c        0x0 C:/Users/22868/.eide/tools/gcc_arm/bin/../lib/gcc/arm-none-eabi/15.2.1/thumb/v6-m/nofp\libgcc.a(muldf3.o)
 .text          0x0000051c        0x0 C:/Users/22868/.eide/tools/gcc_arm/bin/../lib/gcc/arm-none-eabi/15.2.1/thumb/v6-m/nofp\libgcc.a(subdf3.o)
 .text          0x0000051c        0x0 C:/Users/22868/.eide/tools/gcc_arm/bin/../lib/gcc/arm-none-eabi/15.2.1/thumb/v6-m/nofp\libgcc.a(unorddf2.o)
 .text          0x0000051c        0x0 C:/Users/22868/.eide/tools/gcc_arm/bin/../lib/gcc/arm-none-eabi/15.2.1/thumb/v6-m/nofp\libgcc.a(fixdfsi.o)
 .text          0x0000051c        0x0 C:/Users/22868/.eide/tools/gcc_arm/bin/../lib/gcc/arm-none-eabi/15.2.1/thumb/v6-m/nofp\libgcc.a(floatunsidf.o)
 .text          0x0000051c        0x0 C:/Users/22868/.eide/tools/gcc_arm/bin/../lib/gcc/arm-none-eabi/15.2.1/thumb/v6-m/nofp\libgcc.a(extendsfdf2.o)
 .text          0x0000051c       0x3c C:/Users/22868/.eide/tools/gcc_arm/bin/../lib/gcc/arm-none-eabi/15.2.1/thumb/v6-m/nofp\libgcc.a(_clzsi2.o)
                0x0000051c                __clzsi2
 .text          0x00000558        0x0 C:/Users/22868/.eide/tools/gcc_arm/bin/../lib/gcc/arm-none-eabi/15.2.1/../../../../arm-none-eabi/lib/thumb/v6-m/nofp\libc_nano.a(libc_a-exit.o)
 .text          0x00000558        0x0 C:/Users/22868/.eide/tools/gcc_arm/bin/../lib/gcc/arm-none-eabi/15.2.1/../../../../arm-none-eabi/lib/thumb/v6-m/nofp\libc_nano.a(libc_a-nano-vfprintf_float.o)
 .text          0x00000558        0x0 C:/Users/22868/.eide/tools/gcc_arm/bin/../lib/gcc/arm-none-eabi/15.2.1/../../../../arm-none-eabi/lib/thumb/v6-m/nofp\libc_nano.a(libc_a-nano-vfprintf_i.o)
 .text          0x00000558        0x0 C:/Users/22868/.eide/tools/gcc_arm/bin/../lib/gcc/arm-none-eabi/15.2.1/../../../../arm-none-eabi/lib/thumb/v6-m/nofp\libc_nano.a(libc_a-findfp.o)
 .text          0x00000558        0x0 C:/Users/22868/.eide/tools/gcc_arm/bin/../lib/gcc/arm-none-eabi/15.2.1/../../../../arm-none-eabi/lib/thumb/v6-m/nofp\libc_nano.a(libc_a-fwalk.o)
 .text          0x00000558        0x0 C:/Users/22868/.eide/tools/gcc_arm/bin/../lib/gcc/arm-none-eabi/15.2.1/../../../../arm-none-eabi/lib/thumb/v6-m/nofp\libc_nano.a(libc_a-snprintf.o)
 .text          0x00000558        0x0 C:/Users/22868/.eide/tools/gcc_arm/bin/../lib/gcc/arm-none-eabi/15.2.1/../../../../arm-none-eabi/lib/thumb/v6-m/nofp\libc_nano.a(libc_a-sprintf.o)
 .text          0x00000558        0x0 C:/Users/22868/.eide/tools/gcc_arm/bin/../lib/gcc/arm-none-eabi/15.2.1/../../../../arm-none-eabi/lib/thumb/v6-m/nofp\libc_nano.a(libc_a-stdio.o)
 .text          0x00000558        0x0 C:/Users/22868/.eide/tools/gcc_arm/bin/../lib/gcc/arm-none-eabi/15.2.1/../../../../arm-none-eabi/lib/thumb/v6-m/nofp\libc_nano.a(libc_a-vsnprintf.o)
 .text          0x00000558        0x0 C:/Users/22868/.eide/tools/gcc_arm/bin/../lib/gcc/arm-none-eabi/15.2.1/../../../../arm-none-eabi/lib/thumb/v6-m/nofp\libc_nano.a(libc_a-memset.o)
 .text          0x00000558        0x0 C:/Users/22868/.eide/tools/gcc_arm/bin/../lib/gcc/arm-none-eabi/15.2.1/../../../../arm-none-eabi/lib/thumb/v6-m/nofp\libc_nano.a(libc_a-localeconv.o)
 .text          0x00000558        0x0 C:/Users/22868/.eide/tools/gcc_arm/bin/../lib/gcc/arm-none-eabi/15.2.1/../../../../arm-none-eabi/lib/thumb/v6-m/nofp\libc_nano.a(libc_a-closer.o)
 .text          0x00000558        0x0 C:/Users/22868/.eide/tools/gcc_arm/bin/../lib/gcc/arm-none-eabi/15.2.1/../../../../arm-none-eabi/lib/thumb/v6-m/nofp\libc_nano.a(libc_a-reent.o)
 .text          0x00000558        0x0 C:/Users/22868/.eide/tools/gcc_arm/bin/../lib/gcc/arm-none-eabi/15.2.1/../../../../arm-none-eabi/lib/thumb/v6-m/nofp\libc_nano.a(libc_a-impure.o)
 .text          0x00000558        0x0 C:/Users/22868/.eide/tools/gcc_arm/bin/../lib/gcc/arm-none-eabi/15.2.1/../../../../arm-none-eabi/lib/thumb/v6-m/nofp\libc_nano.a(libc_a-lseekr.o)
 .text          0x00000558        0x0 C:/Users/22868/.eide/tools/gcc_arm/bin/../lib/gcc/arm-none-eabi/15.2.1/../../../../arm-none-eabi/lib/thumb/v6-m/nofp\libc_nano.a(libc_a-readr.o)
 .text          0x00000558        0x0 C:/Users/22868/.eide/tools/gcc_arm/bin/../lib/gcc/arm-none-eabi/15.2.1/../../../../arm-none-eabi/lib/thumb/v6-m/nofp\libc_nano.a(libc_a-writer.o)
 .text          0x00000558        0x0 C:/Users/22868/.eide/tools/gcc_arm/bin/../lib/gcc/arm-none-eabi/15.2.1/../../../../arm-none-eabi/lib/thumb/v6-m/nofp\libc_nano.a(libc_a-errno.o)
 .text          0x00000558        0x0 C:/Users/22868/.eide/tools/gcc_arm/bin/../lib/gcc/arm-none-eabi/15.2.1/../../../../arm-none-eabi/lib/thumb/v6-m/nofp\libc_nano.a(libc_a-init.o)
 .text          0x00000558        0x0 C:/Users/22868/.eide/tools/gcc_arm/bin/../lib/gcc/arm-none-eabi/15.2.1/../../../../arm-none-eabi/lib/thumb/v6-m/nofp\libc_nano.a(libc_a-lock.o)
 .text          0x00000558        0x0 C:/Users/22868/.eide/tools/gcc_arm/bin/../lib/gcc/arm-none-eabi/15.2.1/../../../../arm-none-eabi/lib/thumb/v6-m/nofp\libc_nano.a(libc_a-memchr-stub.o)
 .text          0x00000558        0x0 C:/Users/22868/.eide/tools/gcc_arm/bin/../lib/gcc/arm-none-eabi/15.2.1/../../../../arm-none-eabi/lib/thumb/v6-m/nofp\libc_nano.a(libc_a-memcpy-stub.o)
 .text          0x00000558        0xe C:/Users/22868/.eide/tools/gcc_arm/bin/../lib/gcc/arm-none-eabi/15.2.1/../../../../arm-none-eabi/lib/thumb/v6-m/nofp\libc_nano.a(libc_a-strlen.o)
                0x00000558                strlen
 .text          0x00000566        0x0 C:/Users/22868/.eide/tools/gcc_arm/bin/../lib/gcc/arm-none-eabi/15.2.1/../../../../arm-none-eabi/lib/thumb/v6-m/nofp\libc_nano.a(libc_a-dtoa.o)
 .text          0x00000566        0x0 C:/Users/22868/.eide/tools/gcc_arm/bin/../lib/gcc/arm-none-eabi/15.2.1/../../../../arm-none-eabi/lib/thumb/v6-m/nofp\libc_nano.a(libc_a-freer.o)
 .text          0x00000566        0x0 C:/Users/22868/.eide/tools/gcc_arm/bin/../lib/gcc/arm-none-eabi/15.2.1/../../../../arm-none-eabi/lib/thumb/v6-m/nofp\libc_nano.a(libc_a-malloc.o)
 .text          0x00000566        0x0 C:/Users/22868/.eide/tools/gcc_arm/bin/../lib/gcc/arm-none-eabi/15.2.1/../../../../arm-none-eabi/lib/thumb/v6-m/nofp\libc_nano.a(libc_a-mallocr.o)
 .text          0x00000566        0x0 C:/Users/22868/.eide/tools/gcc_arm/bin/../lib/gcc/arm-none-eabi/15.2.1/../../../../arm-none-eabi/lib/thumb/v6-m/nofp\libc_nano.a(libc_a-mlock.o)
 .text          0x00000566        0x0 C:/Users/22868/.eide/tools/gcc_arm/bin/../lib/gcc/arm-none-eabi/15.2.1/../../../../arm-none-eabi/lib/thumb/v6-m/nofp\libc_nano.a(libc_a-mprec.o)
 .text          0x00000566        0x0 C:/Users/22868/.eide/tools/gcc_arm/bin/../lib/gcc/arm-none-eabi/15.2.1/../../../../arm-none-eabi/lib/thumb/v6-m/nofp\libc_nano.a(libc_a-nano-svfprintf.o)
 .text          0x00000566        0x0 C:/Users/22868/.eide/tools/gcc_arm/bin/../lib/gcc/arm-none-eabi/15.2.1/../../../../arm-none-eabi/lib/thumb/v6-m/nofp\libc_nano.a(libc_a-fflush.o)
 .text          0x00000566        0x0 C:/Users/22868/.eide/tools/gcc_arm/bin/../lib/gcc/arm-none-eabi/15.2.1/../../../../arm-none-eabi/lib/thumb/v6-m/nofp\libc_nano.a(libc_a-memmove.o)
 .text          0x00000566        0x0 C:/Users/22868/.eide/tools/gcc_arm/bin/../lib/gcc/arm-none-eabi/15.2.1/../../../../arm-none-eabi/lib/thumb/v6-m/nofp\libc_nano.a(libc_a-locale.o)
 .text          0x00000566        0x0 C:/Users/22868/.eide/tools/gcc_arm/bin/../lib/gcc/arm-none-eabi/15.2.1/../../../../arm-none-eabi/lib/thumb/v6-m/nofp\libc_nano.a(libc_a-sbrkr.o)
 .text          0x00000566       0x14 C:/Users/22868/.eide/tools/gcc_arm/bin/../lib/gcc/arm-none-eabi/15.2.1/../../../../arm-none-eabi/lib/thumb/v6-m/nofp\libc_nano.a(libc_a-strcmp.o)
                0x00000566                strcmp
 .text          0x0000057a        0x0 C:/Users/22868/.eide/tools/gcc_arm/bin/../lib/gcc/arm-none-eabi/15.2.1/../../../../arm-none-eabi/lib/thumb/v6-m/nofp\libc_nano.a(libc_a-assert.o)
 .text          0x0000057a        0x0 C:/Users/22868/.eide/tools/gcc_arm/bin/../lib/gcc/arm-none-eabi/15.2.1/../../../../arm-none-eabi/lib/thumb/v6-m/nofp\libc_nano.a(libc_a-callocr.o)
 .text          0x0000057a        0x0 C:/Users/22868/.eide/tools/gcc_arm/bin/../lib/gcc/arm-none-eabi/15.2.1/../../../../arm-none-eabi/lib/thumb/v6-m/nofp\libc_nano.a(libc_a-mbtowc_r.o)
 .text          0x0000057a        0x0 C:/Users/22868/.eide/tools/gcc_arm/bin/../lib/gcc/arm-none-eabi/15.2.1/../../../../arm-none-eabi/lib/thumb/v6-m/nofp\libc_nano.a(libc_a-reallocr.o)
 .text          0x0000057a        0x0 C:/Users/22868/.eide/tools/gcc_arm/bin/../lib/gcc/arm-none-eabi/15.2.1/../../../../arm-none-eabi/lib/thumb/v6-m/nofp\libc_nano.a(libc_a-wctomb_r.o)
 .text          0x0000057a        0x0 C:/Users/22868/.eide/tools/gcc_arm/bin/../lib/gcc/arm-none-eabi/15.2.1/../../../../arm-none-eabi/lib/thumb/v6-m/nofp\libc_nano.a(libc_a-ctype_.o)
 .text          0x0000057a        0x0 C:/Users/22868/.eide/tools/gcc_arm/bin/../lib/gcc/arm-none-eabi/15.2.1/../../../../arm-none-eabi/lib/thumb/v6-m/nofp\libc_nano.a(libc_a-fprintf.o)
 .text          0x0000057a        0x0 C:/Users/22868/.eide/tools/gcc_arm/bin/../lib/gcc/arm-none-eabi/15.2.1/../../../../arm-none-eabi/lib/thumb/v6-m/nofp\libc_nano.a(libc_a-abort.o)
 .text          0x0000057a        0x0 C:/Users/22868/.eide/tools/gcc_arm/bin/../lib/gcc/arm-none-eabi/15.2.1/../../../../arm-none-eabi/lib/thumb/v6-m/nofp\libc_nano.a(libc_a-msizer.o)
 .text          0x0000057a        0x0 C:/Users/22868/.eide/tools/gcc_arm/bin/../lib/gcc/arm-none-eabi/15.2.1/../../../../arm-none-eabi/lib/thumb/v6-m/nofp\libc_nano.a(libc_a-nano-vfprintf.o)
 .text          0x0000057a        0x0 C:/Users/22868/.eide/tools/gcc_arm/bin/../lib/gcc/arm-none-eabi/15.2.1/../../../../arm-none-eabi/lib/thumb/v6-m/nofp\libc_nano.a(libc_a-fvwrite.o)
 .text          0x0000057a        0x0 C:/Users/22868/.eide/tools/gcc_arm/bin/../lib/gcc/arm-none-eabi/15.2.1/../../../../arm-none-eabi/lib/thumb/v6-m/nofp\libc_nano.a(libc_a-wbuf.o)
 .text          0x0000057a        0x0 C:/Users/22868/.eide/tools/gcc_arm/bin/../lib/gcc/arm-none-eabi/15.2.1/../../../../arm-none-eabi/lib/thumb/v6-m/nofp\libc_nano.a(libc_a-wsetup.o)
 .text          0x0000057a        0x0 C:/Users/22868/.eide/tools/gcc_arm/bin/../lib/gcc/arm-none-eabi/15.2.1/../../../../arm-none-eabi/lib/thumb/v6-m/nofp\libc_nano.a(libc_a-signal.o)
 .text          0x0000057a        0x0 C:/Users/22868/.eide/tools/gcc_arm/bin/../lib/gcc/arm-none-eabi/15.2.1/../../../../arm-none-eabi/lib/thumb/v6-m/nofp\libc_nano.a(libc_a-signalr.o)
 .text          0x0000057a        0x0 C:/Users/22868/.eide/tools/gcc_arm/bin/../lib/gcc/arm-none-eabi/15.2.1/../../../../arm-none-eabi/lib/thumb/v6-m/nofp\libc_nano.a(libc_a-makebuf.o)
 .text          0x0000057a        0x0 C:/Users/22868/.eide/tools/gcc_arm/bin/../lib/gcc/arm-none-eabi/15.2.1/../../../../arm-none-eabi/lib/thumb/v6-m/nofp\libc_nano.a(libc_a-fstatr.o)
 .text          0x0000057a        0x0 C:/Users/22868/.eide/tools/gcc_arm/bin/../lib/gcc/arm-none-eabi/15.2.1/../../../../arm-none-eabi/lib/thumb/v6-m/nofp\libc_nano.a(libc_a-isattyr.o)
 *fill*         0x0000057a        0x2 
 .text          0x0000057c       0x14 C:/Users/22868/.eide/tools/gcc_arm/bin/../lib/gcc/arm-none-eabi/15.2.1/thumb/v6-m/nofp\libgcc.a(_thumb1_case_uqi.o)
                0x0000057c                __gnu_thumb1_case_uqi
 .text          0x00000590       0x14 C:/Users/22868/.eide/tools/gcc_arm/bin/../lib/gcc/arm-none-eabi/15.2.1/thumb/v6-m/nofp\libgcc.a(_thumb1_case_shi.o)
                0x00000590                __gnu_thumb1_case_shi
 .text          0x000005a4        0x0 C:/Users/22868/.eide/tools/gcc_arm/bin/../lib/gcc/arm-none-eabi/15.2.1/thumb/v6-m/nofp\libgcc.a(floatsidf.o)
 .text          0x000005a4        0x0 C:/Users/22868/.eide/tools/gcc_arm/bin/../lib/gcc/arm-none-eabi/15.2.1/../../../../arm-none-eabi/lib/thumb/v6-m/nofp\libnosys.a(sbrk.o)
 .text          0x000005a4        0x0 C:/Users/22868/.eide/tools/gcc_arm/bin/../lib/gcc/arm-none-eabi/15.2.1/../../../../arm-none-eabi/lib/thumb/v6-m/nofp\libnosys.a(_exit.o)
 .text          0x000005a4        0x0 C:/Users/22868/.eide/tools/gcc_arm/bin/../lib/gcc/arm-none-eabi/15.2.1/thumb/v6-m/nofp/crtend.o
 .text          0x000005a4        0x0 C:/Users/22868/.eide/tools/gcc_arm/bin/../lib/gcc/arm-none-eabi/15.2.1/thumb/v6-m/nofp/crtn.o
 .text          0x000005a4        0x0 libraries\ti/driverlib/lib/gcc/m0p/mspm0g1x0x_g3x0x/driverlib.a(dl_common.o)
 .text          0x000005a4        0x0 libraries\ti/driverlib/lib/gcc/m0p/mspm0g1x0x_g3x0x/driverlib.a(dl_i2c.o)
 .text          0x000005a4        0x0 libraries\ti/driverlib/lib/gcc/m0p/mspm0g1x0x_g3x0x/driverlib.a(dl_spi.o)
 .text          0x000005a4        0x0 libraries\ti/driverlib/lib/gcc/m0p/mspm0g1x0x_g3x0x/driverlib.a(dl_timer.o)
 .text          0x000005a4        0x0 libraries\ti/driverlib/lib/gcc/m0p/mspm0g1x0x_g3x0x/driverlib.a(dl_uart.o)
 .text          0x000005a4        0x0 libraries\ti/driverlib/lib/gcc/m0p/mspm0g1x0x_g3x0x/driverlib.a(dl_sysctl_mspm0g1x0x_g3x0x.o)
                0x000005a8                        . = ALIGN (0x8)
 *fill*         0x000005a4        0x4 
 *(.text.*)
 .text.deregister_tm_clones
                0x000005a8       0x20 C:/Users/22868/.eide/tools/gcc_arm/bin/../lib/gcc/arm-none-eabi/15.2.1/thumb/v6-m/nofp/crtbegin.o
 .text.register_tm_clones
                0x000005c8       0x28 C:/Users/22868/.eide/tools/gcc_arm/bin/../lib/gcc/arm-none-eabi/15.2.1/thumb/v6-m/nofp/crtbegin.o
 .text.__do_global_dtors_aux
                0x000005f0       0x2c C:/Users/22868/.eide/tools/gcc_arm/bin/../lib/gcc/arm-none-eabi/15.2.1/thumb/v6-m/nofp/crtbegin.o
 .text.frame_dummy
                0x0000061c       0x24 C:/Users/22868/.eide/tools/gcc_arm/bin/../lib/gcc/arm-none-eabi/15.2.1/thumb/v6-m/nofp/crtbegin.o
 .text.Default_Handler
                0x00000640        0x2 ./build/Debug/.obj/libraries/ti/devices/msp/m0p/startup_system_files/gcc/startup_mspm0g350x_gcc.o
                0x00000640                TIMG6_IRQHandler
                0x00000640                TIMG8_IRQHandler
                0x00000640                I2C0_IRQHandler
                0x00000640                HardFault_Handler
                0x00000640                PendSV_Handler
                0x00000640                NMI_Handler
                0x00000640                I2C1_IRQHandler
                0x00000640                TIMA1_IRQHandler
                0x00000640                ADC0_IRQHandler
                0x00000640                SPI1_IRQHandler
                0x00000640                ADC1_IRQHandler
                0x00000640                RTC_IRQHandler
                0x00000640                GROUP0_IRQHandler
                0x00000640                Default_Handler
                0x00000640                SVC_Handler
                0x00000640                TIMG12_IRQHandler
                0x00000640                DAC0_IRQHandler
                0x00000640                TIMG7_IRQHandler
                0x00000640                SPI0_IRQHandler
                0x00000640                AES_IRQHandler
                0x00000640                DMA_IRQHandler
                0x00000640                TIMA0_IRQHandler
                0x00000640                CANFD0_IRQHandler
 *fill*         0x00000642        0x2 
 .text.Reset_Handler
                0x00000644       0xa0 ./build/Debug/.obj/libraries/ti/devices/msp/m0p/startup_system_files/gcc/startup_mspm0g350x_gcc.o
                0x00000644                Reset_Handler
 .text.Serial_Init
                0x000006e4       0x6c ./build/Debug/.obj/source/CTRL/Jetson/serial_ctrl.o
                0x000006e4                Serial_Init
 .text.Serial_RxByteISR
                0x00000750      0x15c ./build/Debug/.obj/source/CTRL/Jetson/serial_ctrl.o
                0x00000750                Serial_RxByteISR
 .text.Serial_Task
                0x000008ac        0x2 ./build/Debug/.obj/source/CTRL/Jetson/serial_ctrl.o
                0x000008ac                Serial_Task
 *fill*         0x000008ae        0x2 
 .text.Serial_Tick10ms
                0x000008b0       0x38 ./build/Debug/.obj/source/CTRL/Jetson/serial_ctrl.o
                0x000008b0                Serial_Tick10ms
 .text.Serial_TakeFreshData
                0x000008e8       0x58 ./build/Debug/.obj/source/CTRL/Jetson/serial_ctrl.o
                0x000008e8                Serial_TakeFreshData
 .text.Bluetooth_Init
                0x00000940       0x14 ./build/Debug/.obj/source/Hardware/BlueSerial/bsp_hc05.o
                0x00000940                Bluetooth_Init
 .text.UART0_IRQHandler
                0x00000954       0xa4 ./build/Debug/.obj/source/Hardware/BlueSerial/bsp_hc05.o
                0x00000954                UART0_IRQHandler
 .text.lc_printf
                0x000009f8        0x8 ./build/Debug/.obj/source/Hardware/Board/board.o
                0x000009f8                lc_printf
 .text.delay_ms
                0x00000a00       0x16 ./build/Debug/.obj/source/Hardware/Board/board.o
                0x00000a00                delay_ms
 *fill*         0x00000a16        0x2 
 .text.Tick_SysTickCallback
                0x00000a18       0x10 ./build/Debug/.obj/source/Hardware/Board/board.o
                0x00000a18                Tick_SysTickCallback
 .text.SysTick_Handler
                0x00000a28        0x8 ./build/Debug/.obj/source/Hardware/Board/board.o
                0x00000a28                SysTick_Handler
 .text.UART1_IRQHandler
                0x00000a30       0x40 ./build/Debug/.obj/source/Hardware/Board/board.o
                0x00000a30                UART1_IRQHandler
 .text.BL_Init  0x00000a70       0x18 ./build/Debug/.obj/source/Hardware/Buzzer&Light/B&L.o
                0x00000a70                BL_Init
 .text.Encoder_Get
                0x00000a88       0x18 ./build/Debug/.obj/source/Hardware/Encoder/Encoder.o
                0x00000a88                Encoder_Get
 .text.Encoder_ClearTotal
                0x00000aa0       0x20 ./build/Debug/.obj/source/Hardware/Encoder/Encoder.o
                0x00000aa0                Encoder_ClearTotal
 .text.Encoder_Init
                0x00000ac0       0x18 ./build/Debug/.obj/source/Hardware/Encoder/Encoder.o
                0x00000ac0                Encoder_Init
 .text.Encoder_UpdateSpeed
                0x00000ad8       0x34 ./build/Debug/.obj/source/Hardware/Encoder/Encoder.o
                0x00000ad8                Encoder_UpdateSpeed
 .text.GROUP1_IRQHandler
                0x00000b0c       0xb8 ./build/Debug/.obj/source/Hardware/Encoder/Encoder.o
                0x00000b0c                GROUP1_IRQHandler
 .text.key_scan
                0x00000bc4       0x48 ./build/Debug/.obj/source/Hardware/Key/Key.o
                0x00000bc4                key_scan
 .text.LCD_Fill
                0x00000c0c       0x32 ./build/Debug/.obj/source/Hardware/LCD/lcd.o
                0x00000c0c                LCD_Fill
 .text.LCD_DrawPoint
                0x00000c3e       0x14 ./build/Debug/.obj/source/Hardware/LCD/lcd.o
                0x00000c3e                LCD_DrawPoint
 *fill*         0x00000c52        0x2 
 .text.LCD_ShowChar
                0x00000c54      0x17c ./build/Debug/.obj/source/Hardware/LCD/lcd.o
                0x00000c54                LCD_ShowChar
 .text.LCD_ShowString
                0x00000dd0       0x80 ./build/Debug/.obj/source/Hardware/LCD/lcd.o
                0x00000dd0                LCD_ShowString
 .text.LCD_Writ_Bus
                0x00000e50       0x40 ./build/Debug/.obj/source/Hardware/LCD/lcd_init.o
                0x00000e50                LCD_Writ_Bus
 .text.LCD_WR_DATA
                0x00000e90       0x12 ./build/Debug/.obj/source/Hardware/LCD/lcd_init.o
                0x00000e90                LCD_WR_DATA
 *fill*         0x00000ea2        0x2 
 .text.LCD_WR_REG
                0x00000ea4       0x20 ./build/Debug/.obj/source/Hardware/LCD/lcd_init.o
                0x00000ea4                LCD_WR_REG
 .text.LCD_Address_Set
                0x00000ec4       0x52 ./build/Debug/.obj/source/Hardware/LCD/lcd_init.o
                0x00000ec4                LCD_Address_Set
 *fill*         0x00000f16        0x2 
 .text.LCD_Init
                0x00000f18      0x1a4 ./build/Debug/.obj/source/Hardware/LCD/lcd_init.o
                0x00000f18                LCD_Init
 .text.my_transmintData_s
                0x000010bc       0x20 ./build/Debug/.obj/source/Hardware/Motor/42Motor.o
                0x000010bc                my_transmintData_s
 .text.Emm_V5_Reset_CurPos_To_Zero
                0x000010dc       0x30 ./build/Debug/.obj/source/Hardware/Motor/42Motor.o
                0x000010dc                Emm_V5_Reset_CurPos_To_Zero
 .text.Emm_V5_Read_Sys_Params
                0x0000110c       0xb4 ./build/Debug/.obj/source/Hardware/Motor/42Motor.o
                0x0000110c                Emm_V5_Read_Sys_Params
 .text.Emm_V5_En_Control
                0x000011c0       0x42 ./build/Debug/.obj/source/Hardware/Motor/42Motor.o
                0x000011c0                Emm_V5_En_Control
 .text.Emm_V5_Pos_Control
                0x00001202       0x70 ./build/Debug/.obj/source/Hardware/Motor/42Motor.o
                0x00001202                Emm_V5_Pos_Control
 *fill*         0x00001272        0x2 
 .text.LiftMotor_Init
                0x00001274       0x74 ./build/Debug/.obj/source/Hardware/Motor/stepper_motor.o
                0x00001274                LiftMotor_Init
 .text.Height_Trans
                0x000012e8       0x40 ./build/Debug/.obj/source/Hardware/Motor/stepper_motor.o
                0x000012e8                Height_Trans
 .text.LiftMotor_MoveRelativePulse
                0x00001328       0x88 ./build/Debug/.obj/source/Hardware/Motor/stepper_motor.o
                0x00001328                LiftMotor_MoveRelativePulse
 .text.LiftMotor_Ctrl
                0x000013b0        0xc ./build/Debug/.obj/source/Hardware/Motor/stepper_motor.o
                0x000013b0                LiftMotor_Ctrl
 .text.LiftMotor_MoveAbsolutePulse
                0x000013bc       0x74 ./build/Debug/.obj/source/Hardware/Motor/stepper_motor.o
                0x000013bc                LiftMotor_MoveAbsolutePulse
 .text.LiftMotor_RecordBalanceHere
                0x00001430       0x2c ./build/Debug/.obj/source/Hardware/Motor/stepper_motor.o
                0x00001430                LiftMotor_RecordBalanceHere
 .text.LiftMotor_BalanceDetect
                0x0000145c       0x10 ./build/Debug/.obj/source/Hardware/Motor/stepper_motor.o
                0x0000145c                LiftMotor_BalanceDetect
 .text.LiftMotor_ReturnToBalance
                0x0000146c       0x18 ./build/Debug/.obj/source/Hardware/Motor/stepper_motor.o
                0x0000146c                LiftMotor_ReturnToBalance
 .text.LiftMotor_Task
                0x00001484       0xc0 ./build/Debug/.obj/source/Hardware/Motor/stepper_motor.o
                0x00001484                LiftMotor_Task
 .text.LiftMotor_RequestPosition
                0x00001544       0x20 ./build/Debug/.obj/source/Hardware/Motor/stepper_motor.o
                0x00001544                LiftMotor_RequestPosition
 .text.LiftMotor_RequestFlags
                0x00001564       0x20 ./build/Debug/.obj/source/Hardware/Motor/stepper_motor.o
                0x00001564                LiftMotor_RequestFlags
 .text.LiftMotor_GetState
                0x00001584       0x60 ./build/Debug/.obj/source/Hardware/Motor/stepper_motor.o
                0x00001584                LiftMotor_GetState
 .text.UART2_IRQHandler
                0x000015e4      0x1e8 ./build/Debug/.obj/source/Hardware/Motor/stepper_motor.o
                0x000015e4                UART2_IRQHandler
 .text.TB6612_Motor_Stop
                0x000017cc       0x2c ./build/Debug/.obj/source/Hardware/TB6612/bsp_tb6612.o
                0x000017cc                TB6612_Motor_Stop
 .text.AO_Control
                0x000017f8       0x60 ./build/Debug/.obj/source/Hardware/TB6612/bsp_tb6612.o
                0x000017f8                AO_Control
 .text.BO_Control
                0x00001858       0x50 ./build/Debug/.obj/source/Hardware/TB6612/bsp_tb6612.o
                0x00001858                BO_Control
 .text.Motor_SetPWM
                0x000018a8       0x34 ./build/Debug/.obj/source/Hardware/TB6612/bsp_tb6612.o
                0x000018a8                Motor_SetPWM
 .text.Gyro_Init
                0x000018dc       0x44 ./build/Debug/.obj/source/Hardware/jy901s/jy901s.o
                0x000018dc                Gyro_Init
 .text.Gyro_ParseData
                0x00001920      0x154 ./build/Debug/.obj/source/Hardware/jy901s/jy901s.o
                0x00001920                Gyro_ParseData
 .text.Gyro_ProcessByte
                0x00001a74       0x48 ./build/Debug/.obj/source/Hardware/jy901s/jy901s.o
                0x00001a74                Gyro_ProcessByte
 .text.UART3_IRQHandler
                0x00001abc       0x2c ./build/Debug/.obj/source/Hardware/jy901s/jy901s.o
                0x00001abc                UART3_IRQHandler
 .text.LineWalking
                0x00001ae8      0x1f0 ./build/Debug/.obj/source/app/app_irtracking.o
                0x00001ae8                LineWalking
 .text.LineTracking_GetError
                0x00001cd8        0xc ./build/Debug/.obj/source/app/app_irtracking.o
                0x00001cd8                LineTracking_GetError
 .text.btn_up_cb
                0x00001ce4       0x40 ./build/Debug/.obj/source/app/app_key_task.o
                0x00001ce4                btn_up_cb
 .text.btn_down_cb
                0x00001d24        0x2 ./build/Debug/.obj/source/app/app_key_task.o
                0x00001d24                btn_down_cb
 *fill*         0x00001d26        0x2 
 .text.btn_left_cb
                0x00001d28       0x34 ./build/Debug/.obj/source/app/app_key_task.o
                0x00001d28                btn_left_cb
 .text.btn_right_cb
                0x00001d5c       0x14 ./build/Debug/.obj/source/app/app_key_task.o
                0x00001d5c                btn_right_cb
 .text.btn_mid_cb
                0x00001d70       0x1e ./build/Debug/.obj/source/app/app_key_task.o
                0x00001d70                btn_mid_cb
 *fill*         0x00001d8e        0x2 
 .text.BallMotionTask_Stop
                0x00001d90       0x28 ./build/Debug/.obj/source/main.o
                0x00001d90                BallMotionTask_Stop
 .text.BallMotionTask_Start
                0x00001db8       0x50 ./build/Debug/.obj/source/main.o
                0x00001db8                BallMotionTask_Start
 .text.main     0x00001e08      0x12c ./build/Debug/.obj/source/main.o
                0x00001e08                main
 .text.TIMG0_IRQHandler
                0x00001f34      0x4ec ./build/Debug/.obj/source/main.o
                0x00001f34                TIMG0_IRQHandler
 .text.button_mid_read
                0x00002420        0xc ./build/Debug/.obj/source/middle/mid_button.o
 .text.button_down_read
                0x0000242c        0xc ./build/Debug/.obj/source/middle/mid_button.o
 .text.button_right_read
                0x00002438        0xc ./build/Debug/.obj/source/middle/mid_button.o
 .text.button_left_read
                0x00002444        0xc ./build/Debug/.obj/source/middle/mid_button.o
 .text.button_up_read
                0x00002450        0xc ./build/Debug/.obj/source/middle/mid_button.o
 .text.flex_button_register
                0x0000245c       0x70 ./build/Debug/.obj/source/middle/mid_button.o
                0x0000245c                flex_button_register
 .text.user_button_init
                0x000024cc       0x98 ./build/Debug/.obj/source/middle/mid_button.o
                0x000024cc                user_button_init
 .text.flex_button_scan
                0x00002564      0x2f4 ./build/Debug/.obj/source/middle/mid_button.o
                0x00002564                flex_button_scan
 .text.set_debug_led_on
                0x00002858       0x1c ./build/Debug/.obj/source/middle/mid_debug_led.o
                0x00002858                set_debug_led_on
 .text.set_debug_led_off
                0x00002874       0x20 ./build/Debug/.obj/source/middle/mid_debug_led.o
                0x00002874                set_debug_led_off
 .text.set_debug_led_toggle
                0x00002894       0x20 ./build/Debug/.obj/source/middle/mid_debug_led.o
                0x00002894                set_debug_led_toggle
 .text.format_time
                0x000028b4      0x114 ./build/Debug/.obj/source/middle/mid_laptime.o
 .text.LapTime_Tick10ms
                0x000029c8       0x94 ./build/Debug/.obj/source/middle/mid_laptime.o
                0x000029c8                LapTime_Tick10ms
 .text.LapTime_IsPastStartGuard
                0x00002a5c       0x1c ./build/Debug/.obj/source/middle/mid_laptime.o
                0x00002a5c                LapTime_IsPastStartGuard
 .text.LapTime_MarkFinished
                0x00002a78        0xc ./build/Debug/.obj/source/middle/mid_laptime.o
                0x00002a78                LapTime_MarkFinished
 .text.LapTime_DisplayTask
                0x00002a84       0x7c ./build/Debug/.obj/source/middle/mid_laptime.o
                0x00002a84                LapTime_DisplayTask
 .text.PID_Init
                0x00002b00       0x12 ./build/Debug/.obj/source/middle/mid_pid.o
                0x00002b00                PID_Init
 .text.PID_Update
                0x00002b12       0xc4 ./build/Debug/.obj/source/middle/mid_pid.o
                0x00002b12                PID_Update
 .text.PID_UpdateWithRate
                0x00002bd6       0xcc ./build/Debug/.obj/source/middle/mid_pid.o
                0x00002bd6                PID_UpdateWithRate
 .text._close   0x00002ca2       0x10 ./build/Debug/.obj/source/retarget_syscalls.o
                0x00002ca2                _close
 .text._fstat   0x00002cb2       0x1e ./build/Debug/.obj/source/retarget_syscalls.o
                0x00002cb2                _fstat
 .text._getpid  0x00002cd0        0x4 ./build/Debug/.obj/source/retarget_syscalls.o
                0x00002cd0                _getpid
 .text._isatty  0x00002cd4        0x4 ./build/Debug/.obj/source/retarget_syscalls.o
                0x00002cd4                _isatty
 .text._kill    0x00002cd8       0x10 ./build/Debug/.obj/source/retarget_syscalls.o
                0x00002cd8                _kill
 .text._lseek   0x00002ce8        0x4 ./build/Debug/.obj/source/retarget_syscalls.o
                0x00002ce8                _lseek
 .text._read    0x00002cec        0x4 ./build/Debug/.obj/source/retarget_syscalls.o
                0x00002cec                _read
 .text._write   0x00002cf0        0x4 ./build/Debug/.obj/source/retarget_syscalls.o
                0x00002cf0                _write
 .text.SYSCFG_DL_initPower
                0x00002cf4       0xb0 ./build/Debug/.obj/source/ti_msp_dl_config.o
                0x00002cf4                SYSCFG_DL_initPower
 .text.SYSCFG_DL_GPIO_init
                0x00002da4      0x158 ./build/Debug/.obj/source/ti_msp_dl_config.o
                0x00002da4                SYSCFG_DL_GPIO_init
 .text.SYSCFG_DL_SYSCTL_SYSPLL_init
                0x00002efc       0xc8 ./build/Debug/.obj/source/ti_msp_dl_config.o
                0x00002efc                SYSCFG_DL_SYSCTL_SYSPLL_init
 .text.SYSCFG_DL_SYSCTL_init
                0x00002fc4       0xc8 ./build/Debug/.obj/source/ti_msp_dl_config.o
                0x00002fc4                SYSCFG_DL_SYSCTL_init
 .text.SYSCFG_DL_SYSCTL_CLK_init
                0x0000308c       0x1c ./build/Debug/.obj/source/ti_msp_dl_config.o
                0x0000308c                SYSCFG_DL_SYSCTL_CLK_init
 .text.SYSCFG_DL_PWM_0_init
                0x000030a8       0x94 ./build/Debug/.obj/source/ti_msp_dl_config.o
                0x000030a8                SYSCFG_DL_PWM_0_init
 .text.SYSCFG_DL_TIMER_0_init
                0x0000313c       0x50 ./build/Debug/.obj/source/ti_msp_dl_config.o
                0x0000313c                SYSCFG_DL_TIMER_0_init
 .text.SYSCFG_DL_TIMER_1_init
                0x0000318c       0x58 ./build/Debug/.obj/source/ti_msp_dl_config.o
                0x0000318c                SYSCFG_DL_TIMER_1_init
 .text.SYSCFG_DL_STEP_TIM_init
                0x000031e4       0x2c ./build/Debug/.obj/source/ti_msp_dl_config.o
                0x000031e4                SYSCFG_DL_STEP_TIM_init
 .text.SYSCFG_DL_I2C_0_init
                0x00003210       0x74 ./build/Debug/.obj/source/ti_msp_dl_config.o
                0x00003210                SYSCFG_DL_I2C_0_init
 .text.SYSCFG_DL_UART_0_init
                0x00003284       0x94 ./build/Debug/.obj/source/ti_msp_dl_config.o
                0x00003284                SYSCFG_DL_UART_0_init
 .text.SYSCFG_DL_UART_1_init
                0x00003318       0xa8 ./build/Debug/.obj/source/ti_msp_dl_config.o
                0x00003318                SYSCFG_DL_UART_1_init
 .text.SYSCFG_DL_UART_2_init
                0x000033c0       0xa8 ./build/Debug/.obj/source/ti_msp_dl_config.o
                0x000033c0                SYSCFG_DL_UART_2_init
 .text.SYSCFG_DL_UART_3_init
                0x00003468       0xa4 ./build/Debug/.obj/source/ti_msp_dl_config.o
                0x00003468                SYSCFG_DL_UART_3_init
 .text.SYSCFG_DL_SPI_LCD_init
                0x0000350c       0x58 ./build/Debug/.obj/source/ti_msp_dl_config.o
                0x0000350c                SYSCFG_DL_SPI_LCD_init
 .text.SYSCFG_DL_init
                0x00003564       0x70 ./build/Debug/.obj/source/ti_msp_dl_config.o
                0x00003564                SYSCFG_DL_init
 .text.__aeabi_fadd
                0x000035d4      0x458 C:/Users/22868/.eide/tools/gcc_arm/bin/../lib/gcc/arm-none-eabi/15.2.1/thumb/v6-m/nofp\libgcc.a(addsf3.o)
                0x000035d4                __aeabi_fadd
 .text.__aeabi_fdiv
                0x00003a2c      0x22c C:/Users/22868/.eide/tools/gcc_arm/bin/../lib/gcc/arm-none-eabi/15.2.1/thumb/v6-m/nofp\libgcc.a(divsf3.o)
                0x00003a2c                __aeabi_fdiv
 .text.__eqsf2  0x00003c58       0x58 C:/Users/22868/.eide/tools/gcc_arm/bin/../lib/gcc/arm-none-eabi/15.2.1/thumb/v6-m/nofp\libgcc.a(eqsf2.o)
                0x00003c58                __eqsf2
                0x00003c58                __nesf2
 .text.__gesf2  0x00003cb0       0xa0 C:/Users/22868/.eide/tools/gcc_arm/bin/../lib/gcc/arm-none-eabi/15.2.1/thumb/v6-m/nofp\libgcc.a(gesf2.o)
                0x00003cb0                __gesf2
                0x00003cb0                __gtsf2
 .text.__lesf2  0x00003d50       0xa0 C:/Users/22868/.eide/tools/gcc_arm/bin/../lib/gcc/arm-none-eabi/15.2.1/thumb/v6-m/nofp\libgcc.a(lesf2.o)
                0x00003d50                __ltsf2
                0x00003d50                __lesf2
 .text.__aeabi_fmul
                0x00003df0      0x294 C:/Users/22868/.eide/tools/gcc_arm/bin/../lib/gcc/arm-none-eabi/15.2.1/thumb/v6-m/nofp\libgcc.a(mulsf3.o)
                0x00003df0                __aeabi_fmul
 .text.__aeabi_fsub
                0x00004084      0x494 C:/Users/22868/.eide/tools/gcc_arm/bin/../lib/gcc/arm-none-eabi/15.2.1/thumb/v6-m/nofp\libgcc.a(subsf3.o)
                0x00004084                __aeabi_fsub
 .text.__aeabi_f2iz
                0x00004518       0x40 C:/Users/22868/.eide/tools/gcc_arm/bin/../lib/gcc/arm-none-eabi/15.2.1/thumb/v6-m/nofp\libgcc.a(fixsfsi.o)
                0x00004518                __aeabi_f2iz
 .text.__aeabi_i2f
                0x00004558       0x90 C:/Users/22868/.eide/tools/gcc_arm/bin/../lib/gcc/arm-none-eabi/15.2.1/thumb/v6-m/nofp\libgcc.a(floatsisf.o)
                0x00004558                __aeabi_i2f
 .text.__aeabi_dadd
                0x000045e8      0x828 C:/Users/22868/.eide/tools/gcc_arm/bin/../lib/gcc/arm-none-eabi/15.2.1/thumb/v6-m/nofp\libgcc.a(adddf3.o)
                0x000045e8                __aeabi_dadd
 .text.__aeabi_ddiv
                0x00004e10      0x630 C:/Users/22868/.eide/tools/gcc_arm/bin/../lib/gcc/arm-none-eabi/15.2.1/thumb/v6-m/nofp\libgcc.a(divdf3.o)
                0x00004e10                __aeabi_ddiv
 .text.__eqdf2  0x00005440       0x94 C:/Users/22868/.eide/tools/gcc_arm/bin/../lib/gcc/arm-none-eabi/15.2.1/thumb/v6-m/nofp\libgcc.a(eqdf2.o)
                0x00005440                __nedf2
                0x00005440                __eqdf2
 .text.__gedf2  0x000054d4       0xd4 C:/Users/22868/.eide/tools/gcc_arm/bin/../lib/gcc/arm-none-eabi/15.2.1/thumb/v6-m/nofp\libgcc.a(gedf2.o)
                0x000054d4                __gedf2
                0x000054d4                __gtdf2
 .text.__ledf2  0x000055a8       0xd4 C:/Users/22868/.eide/tools/gcc_arm/bin/../lib/gcc/arm-none-eabi/15.2.1/thumb/v6-m/nofp\libgcc.a(ledf2.o)
                0x000055a8                __ledf2
                0x000055a8                __ltdf2
 .text.__aeabi_dmul
                0x0000567c      0x570 C:/Users/22868/.eide/tools/gcc_arm/bin/../lib/gcc/arm-none-eabi/15.2.1/thumb/v6-m/nofp\libgcc.a(muldf3.o)
                0x0000567c                __aeabi_dmul
 .text.__aeabi_dsub
                0x00005bec      0x814 C:/Users/22868/.eide/tools/gcc_arm/bin/../lib/gcc/arm-none-eabi/15.2.1/thumb/v6-m/nofp\libgcc.a(subdf3.o)
                0x00005bec                __aeabi_dsub
 .text.__aeabi_dcmpun
                0x00006400       0x40 C:/Users/22868/.eide/tools/gcc_arm/bin/../lib/gcc/arm-none-eabi/15.2.1/thumb/v6-m/nofp\libgcc.a(unorddf2.o)
                0x00006400                __aeabi_dcmpun
 .text.__aeabi_d2iz
                0x00006440       0x70 C:/Users/22868/.eide/tools/gcc_arm/bin/../lib/gcc/arm-none-eabi/15.2.1/thumb/v6-m/nofp\libgcc.a(fixdfsi.o)
                0x00006440                __aeabi_d2iz
 .text.__aeabi_ui2d
                0x000064b0       0x48 C:/Users/22868/.eide/tools/gcc_arm/bin/../lib/gcc/arm-none-eabi/15.2.1/thumb/v6-m/nofp\libgcc.a(floatunsidf.o)
                0x000064b0                __aeabi_ui2d
 .text.exit     0x000064f8       0x28 C:/Users/22868/.eide/tools/gcc_arm/bin/../lib/gcc/arm-none-eabi/15.2.1/../../../../arm-none-eabi/lib/thumb/v6-m/nofp\libc_nano.a(libc_a-exit.o)
                0x000064f8                exit
 .text.__cvt    0x00006520       0xcc C:/Users/22868/.eide/tools/gcc_arm/bin/../lib/gcc/arm-none-eabi/15.2.1/../../../../arm-none-eabi/lib/thumb/v6-m/nofp\libc_nano.a(libc_a-nano-vfprintf_float.o)
                0x00006520                __cvt
 .text.__exponent
                0x000065ec       0x82 C:/Users/22868/.eide/tools/gcc_arm/bin/../lib/gcc/arm-none-eabi/15.2.1/../../../../arm-none-eabi/lib/thumb/v6-m/nofp\libc_nano.a(libc_a-nano-vfprintf_float.o)
                0x000065ec                __exponent
 *fill*         0x0000666e        0x2 
 .text._printf_float
                0x00006670      0x458 C:/Users/22868/.eide/tools/gcc_arm/bin/../lib/gcc/arm-none-eabi/15.2.1/../../../../arm-none-eabi/lib/thumb/v6-m/nofp\libc_nano.a(libc_a-nano-vfprintf_float.o)
                0x00006670                _printf_float
 .text._printf_common
                0x00006ac8       0xde C:/Users/22868/.eide/tools/gcc_arm/bin/../lib/gcc/arm-none-eabi/15.2.1/../../../../arm-none-eabi/lib/thumb/v6-m/nofp\libc_nano.a(libc_a-nano-vfprintf_i.o)
                0x00006ac8                _printf_common
 *fill*         0x00006ba6        0x2 
 .text._printf_i
                0x00006ba8      0x214 C:/Users/22868/.eide/tools/gcc_arm/bin/../lib/gcc/arm-none-eabi/15.2.1/../../../../arm-none-eabi/lib/thumb/v6-m/nofp\libc_nano.a(libc_a-nano-vfprintf_i.o)
                0x00006ba8                _printf_i
 .text.std      0x00006dbc       0x6c C:/Users/22868/.eide/tools/gcc_arm/bin/../lib/gcc/arm-none-eabi/15.2.1/../../../../arm-none-eabi/lib/thumb/v6-m/nofp\libc_nano.a(libc_a-findfp.o)
 .text.stdio_exit_handler
                0x00006e28       0x1c C:/Users/22868/.eide/tools/gcc_arm/bin/../lib/gcc/arm-none-eabi/15.2.1/../../../../arm-none-eabi/lib/thumb/v6-m/nofp\libc_nano.a(libc_a-findfp.o)
 .text.cleanup_stdio
                0x00006e44       0x3c C:/Users/22868/.eide/tools/gcc_arm/bin/../lib/gcc/arm-none-eabi/15.2.1/../../../../arm-none-eabi/lib/thumb/v6-m/nofp\libc_nano.a(libc_a-findfp.o)
 .text.global_stdio_init.part.0
                0x00006e80       0x3c C:/Users/22868/.eide/tools/gcc_arm/bin/../lib/gcc/arm-none-eabi/15.2.1/../../../../arm-none-eabi/lib/thumb/v6-m/nofp\libc_nano.a(libc_a-findfp.o)
 .text.__sfp_lock_acquire
                0x00006ebc       0x10 C:/Users/22868/.eide/tools/gcc_arm/bin/../lib/gcc/arm-none-eabi/15.2.1/../../../../arm-none-eabi/lib/thumb/v6-m/nofp\libc_nano.a(libc_a-findfp.o)
                0x00006ebc                __sfp_lock_acquire
 .text.__sfp_lock_release
                0x00006ecc       0x10 C:/Users/22868/.eide/tools/gcc_arm/bin/../lib/gcc/arm-none-eabi/15.2.1/../../../../arm-none-eabi/lib/thumb/v6-m/nofp\libc_nano.a(libc_a-findfp.o)
                0x00006ecc                __sfp_lock_release
 .text.__sinit  0x00006edc       0x30 C:/Users/22868/.eide/tools/gcc_arm/bin/../lib/gcc/arm-none-eabi/15.2.1/../../../../arm-none-eabi/lib/thumb/v6-m/nofp\libc_nano.a(libc_a-findfp.o)
                0x00006edc                __sinit
 .text._fwalk_sglue
                0x00006f0c       0x38 C:/Users/22868/.eide/tools/gcc_arm/bin/../lib/gcc/arm-none-eabi/15.2.1/../../../../arm-none-eabi/lib/thumb/v6-m/nofp\libc_nano.a(libc_a-fwalk.o)
                0x00006f0c                _fwalk_sglue
 .text.__sread  0x00006f44       0x28 C:/Users/22868/.eide/tools/gcc_arm/bin/../lib/gcc/arm-none-eabi/15.2.1/../../../../arm-none-eabi/lib/thumb/v6-m/nofp\libc_nano.a(libc_a-stdio.o)
                0x00006f44                __sread
 .text.__swrite
                0x00006f6c       0x38 C:/Users/22868/.eide/tools/gcc_arm/bin/../lib/gcc/arm-none-eabi/15.2.1/../../../../arm-none-eabi/lib/thumb/v6-m/nofp\libc_nano.a(libc_a-stdio.o)
                0x00006f6c                __swrite
 .text.__sseek  0x00006fa4       0x2c C:/Users/22868/.eide/tools/gcc_arm/bin/../lib/gcc/arm-none-eabi/15.2.1/../../../../arm-none-eabi/lib/thumb/v6-m/nofp\libc_nano.a(libc_a-stdio.o)
                0x00006fa4                __sseek
 .text.__sclose
                0x00006fd0        0xc C:/Users/22868/.eide/tools/gcc_arm/bin/../lib/gcc/arm-none-eabi/15.2.1/../../../../arm-none-eabi/lib/thumb/v6-m/nofp\libc_nano.a(libc_a-stdio.o)
                0x00006fd0                __sclose
 .text.memset   0x00006fdc       0x10 C:/Users/22868/.eide/tools/gcc_arm/bin/../lib/gcc/arm-none-eabi/15.2.1/../../../../arm-none-eabi/lib/thumb/v6-m/nofp\libc_nano.a(libc_a-memset.o)
                0x00006fdc                memset
 .text._localeconv_r
                0x00006fec        0x8 C:/Users/22868/.eide/tools/gcc_arm/bin/../lib/gcc/arm-none-eabi/15.2.1/../../../../arm-none-eabi/lib/thumb/v6-m/nofp\libc_nano.a(libc_a-localeconv.o)
                0x00006fec                _localeconv_r
 .text._close_r
                0x00006ff4       0x24 C:/Users/22868/.eide/tools/gcc_arm/bin/../lib/gcc/arm-none-eabi/15.2.1/../../../../arm-none-eabi/lib/thumb/v6-m/nofp\libc_nano.a(libc_a-closer.o)
                0x00006ff4                _close_r
 .text._lseek_r
                0x00007018       0x28 C:/Users/22868/.eide/tools/gcc_arm/bin/../lib/gcc/arm-none-eabi/15.2.1/../../../../arm-none-eabi/lib/thumb/v6-m/nofp\libc_nano.a(libc_a-lseekr.o)
                0x00007018                _lseek_r
 .text._read_r  0x00007040       0x28 C:/Users/22868/.eide/tools/gcc_arm/bin/../lib/gcc/arm-none-eabi/15.2.1/../../../../arm-none-eabi/lib/thumb/v6-m/nofp\libc_nano.a(libc_a-readr.o)
                0x00007040                _read_r
 .text._write_r
                0x00007068       0x28 C:/Users/22868/.eide/tools/gcc_arm/bin/../lib/gcc/arm-none-eabi/15.2.1/../../../../arm-none-eabi/lib/thumb/v6-m/nofp\libc_nano.a(libc_a-writer.o)
                0x00007068                _write_r
 .text.__errno  0x00007090        0xc C:/Users/22868/.eide/tools/gcc_arm/bin/../lib/gcc/arm-none-eabi/15.2.1/../../../../arm-none-eabi/lib/thumb/v6-m/nofp\libc_nano.a(libc_a-errno.o)
                0x00007090                __errno
 .text.__libc_init_array
                0x0000709c       0x48 C:/Users/22868/.eide/tools/gcc_arm/bin/../lib/gcc/arm-none-eabi/15.2.1/../../../../arm-none-eabi/lib/thumb/v6-m/nofp\libc_nano.a(libc_a-init.o)
                0x0000709c                __libc_init_array
 .text.__retarget_lock_init_recursive
                0x000070e4        0x2 C:/Users/22868/.eide/tools/gcc_arm/bin/../lib/gcc/arm-none-eabi/15.2.1/../../../../arm-none-eabi/lib/thumb/v6-m/nofp\libc_nano.a(libc_a-lock.o)
                0x000070e4                __retarget_lock_init_recursive
 .text.__retarget_lock_acquire_recursive
                0x000070e6        0x2 C:/Users/22868/.eide/tools/gcc_arm/bin/../lib/gcc/arm-none-eabi/15.2.1/../../../../arm-none-eabi/lib/thumb/v6-m/nofp\libc_nano.a(libc_a-lock.o)
                0x000070e6                __retarget_lock_acquire_recursive
 .text.__retarget_lock_release_recursive
                0x000070e8        0x2 C:/Users/22868/.eide/tools/gcc_arm/bin/../lib/gcc/arm-none-eabi/15.2.1/../../../../arm-none-eabi/lib/thumb/v6-m/nofp\libc_nano.a(libc_a-lock.o)
                0x000070e8                __retarget_lock_release_recursive
 .text.memchr   0x000070ea       0x16 C:/Users/22868/.eide/tools/gcc_arm/bin/../lib/gcc/arm-none-eabi/15.2.1/../../../../arm-none-eabi/lib/thumb/v6-m/nofp\libc_nano.a(libc_a-memchr-stub.o)
                0x000070ea                memchr
 .text.memcpy   0x00007100       0x12 C:/Users/22868/.eide/tools/gcc_arm/bin/../lib/gcc/arm-none-eabi/15.2.1/../../../../arm-none-eabi/lib/thumb/v6-m/nofp\libc_nano.a(libc_a-memcpy-stub.o)
                0x00007100                memcpy
 .text.quorem   0x00007112      0x11c C:/Users/22868/.eide/tools/gcc_arm/bin/../lib/gcc/arm-none-eabi/15.2.1/../../../../arm-none-eabi/lib/thumb/v6-m/nofp\libc_nano.a(libc_a-dtoa.o)
 *fill*         0x0000722e        0x2 
 .text._dtoa_r  0x00007230      0xbc4 C:/Users/22868/.eide/tools/gcc_arm/bin/../lib/gcc/arm-none-eabi/15.2.1/../../../../arm-none-eabi/lib/thumb/v6-m/nofp\libc_nano.a(libc_a-dtoa.o)
                0x00007230                _dtoa_r
 .text._free_r  0x00007df4       0x94 C:/Users/22868/.eide/tools/gcc_arm/bin/../lib/gcc/arm-none-eabi/15.2.1/../../../../arm-none-eabi/lib/thumb/v6-m/nofp\libc_nano.a(libc_a-freer.o)
                0x00007df4                _free_r
 .text.malloc   0x00007e88       0x14 C:/Users/22868/.eide/tools/gcc_arm/bin/../lib/gcc/arm-none-eabi/15.2.1/../../../../arm-none-eabi/lib/thumb/v6-m/nofp\libc_nano.a(libc_a-malloc.o)
                0x00007e88                malloc
 .text.sbrk_aligned
                0x00007e9c       0x44 C:/Users/22868/.eide/tools/gcc_arm/bin/../lib/gcc/arm-none-eabi/15.2.1/../../../../arm-none-eabi/lib/thumb/v6-m/nofp\libc_nano.a(libc_a-mallocr.o)
 .text._malloc_r
                0x00007ee0      0x100 C:/Users/22868/.eide/tools/gcc_arm/bin/../lib/gcc/arm-none-eabi/15.2.1/../../../../arm-none-eabi/lib/thumb/v6-m/nofp\libc_nano.a(libc_a-mallocr.o)
                0x00007ee0                _malloc_r
 .text.__malloc_lock
                0x00007fe0       0x10 C:/Users/22868/.eide/tools/gcc_arm/bin/../lib/gcc/arm-none-eabi/15.2.1/../../../../arm-none-eabi/lib/thumb/v6-m/nofp\libc_nano.a(libc_a-mlock.o)
                0x00007fe0                __malloc_lock
 .text.__malloc_unlock
                0x00007ff0       0x10 C:/Users/22868/.eide/tools/gcc_arm/bin/../lib/gcc/arm-none-eabi/15.2.1/../../../../arm-none-eabi/lib/thumb/v6-m/nofp\libc_nano.a(libc_a-mlock.o)
                0x00007ff0                __malloc_unlock
 .text._Balloc  0x00008000       0x84 C:/Users/22868/.eide/tools/gcc_arm/bin/../lib/gcc/arm-none-eabi/15.2.1/../../../../arm-none-eabi/lib/thumb/v6-m/nofp\libc_nano.a(libc_a-mprec.o)
                0x00008000                _Balloc
 .text._Bfree   0x00008084       0x4c C:/Users/22868/.eide/tools/gcc_arm/bin/../lib/gcc/arm-none-eabi/15.2.1/../../../../arm-none-eabi/lib/thumb/v6-m/nofp\libc_nano.a(libc_a-mprec.o)
                0x00008084                _Bfree
 .text.__multadd
                0x000080d0       0x88 C:/Users/22868/.eide/tools/gcc_arm/bin/../lib/gcc/arm-none-eabi/15.2.1/../../../../arm-none-eabi/lib/thumb/v6-m/nofp\libc_nano.a(libc_a-mprec.o)
                0x000080d0                __multadd
 .text.__hi0bits
                0x00008158       0x42 C:/Users/22868/.eide/tools/gcc_arm/bin/../lib/gcc/arm-none-eabi/15.2.1/../../../../arm-none-eabi/lib/thumb/v6-m/nofp\libc_nano.a(libc_a-mprec.o)
                0x00008158                __hi0bits
 .text.__lo0bits
                0x0000819a       0x60 C:/Users/22868/.eide/tools/gcc_arm/bin/../lib/gcc/arm-none-eabi/15.2.1/../../../../arm-none-eabi/lib/thumb/v6-m/nofp\libc_nano.a(libc_a-mprec.o)
                0x0000819a                __lo0bits
 *fill*         0x000081fa        0x2 
 .text.__i2b    0x000081fc       0x2c C:/Users/22868/.eide/tools/gcc_arm/bin/../lib/gcc/arm-none-eabi/15.2.1/../../../../arm-none-eabi/lib/thumb/v6-m/nofp\libc_nano.a(libc_a-mprec.o)
                0x000081fc                __i2b
 .text.__multiply
                0x00008228      0x174 C:/Users/22868/.eide/tools/gcc_arm/bin/../lib/gcc/arm-none-eabi/15.2.1/../../../../arm-none-eabi/lib/thumb/v6-m/nofp\libc_nano.a(libc_a-mprec.o)
                0x00008228                __multiply
 .text.__pow5mult
                0x0000839c       0xc4 C:/Users/22868/.eide/tools/gcc_arm/bin/../lib/gcc/arm-none-eabi/15.2.1/../../../../arm-none-eabi/lib/thumb/v6-m/nofp\libc_nano.a(libc_a-mprec.o)
                0x0000839c                __pow5mult
 .text.__lshift
                0x00008460       0xd8 C:/Users/22868/.eide/tools/gcc_arm/bin/../lib/gcc/arm-none-eabi/15.2.1/../../../../arm-none-eabi/lib/thumb/v6-m/nofp\libc_nano.a(libc_a-mprec.o)
                0x00008460                __lshift
 .text.__mcmp   0x00008538       0x34 C:/Users/22868/.eide/tools/gcc_arm/bin/../lib/gcc/arm-none-eabi/15.2.1/../../../../arm-none-eabi/lib/thumb/v6-m/nofp\libc_nano.a(libc_a-mprec.o)
                0x00008538                __mcmp
 .text.__mdiff  0x0000856c      0x144 C:/Users/22868/.eide/tools/gcc_arm/bin/../lib/gcc/arm-none-eabi/15.2.1/../../../../arm-none-eabi/lib/thumb/v6-m/nofp\libc_nano.a(libc_a-mprec.o)
                0x0000856c                __mdiff
 .text.__d2b    0x000086b0       0xc0 C:/Users/22868/.eide/tools/gcc_arm/bin/../lib/gcc/arm-none-eabi/15.2.1/../../../../arm-none-eabi/lib/thumb/v6-m/nofp\libc_nano.a(libc_a-mprec.o)
                0x000086b0                __d2b
 .text.__sflush_r
                0x00008770      0x10c C:/Users/22868/.eide/tools/gcc_arm/bin/../lib/gcc/arm-none-eabi/15.2.1/../../../../arm-none-eabi/lib/thumb/v6-m/nofp\libc_nano.a(libc_a-fflush.o)
                0x00008770                __sflush_r
 .text._fflush_r
                0x0000887c       0x56 C:/Users/22868/.eide/tools/gcc_arm/bin/../lib/gcc/arm-none-eabi/15.2.1/../../../../arm-none-eabi/lib/thumb/v6-m/nofp\libc_nano.a(libc_a-fflush.o)
                0x0000887c                _fflush_r
 *fill*         0x000088d2        0x2 
 .text._sbrk_r  0x000088d4       0x24 C:/Users/22868/.eide/tools/gcc_arm/bin/../lib/gcc/arm-none-eabi/15.2.1/../../../../arm-none-eabi/lib/thumb/v6-m/nofp\libc_nano.a(libc_a-sbrkr.o)
                0x000088d4                _sbrk_r
 .text.__assert_func
                0x000088f8       0x3c C:/Users/22868/.eide/tools/gcc_arm/bin/../lib/gcc/arm-none-eabi/15.2.1/../../../../arm-none-eabi/lib/thumb/v6-m/nofp\libc_nano.a(libc_a-assert.o)
                0x000088f8                __assert_func
 .text._calloc_r
                0x00008934       0x5a C:/Users/22868/.eide/tools/gcc_arm/bin/../lib/gcc/arm-none-eabi/15.2.1/../../../../arm-none-eabi/lib/thumb/v6-m/nofp\libc_nano.a(libc_a-callocr.o)
                0x00008934                _calloc_r
 .text.__ascii_mbtowc
                0x0000898e       0x24 C:/Users/22868/.eide/tools/gcc_arm/bin/../lib/gcc/arm-none-eabi/15.2.1/../../../../arm-none-eabi/lib/thumb/v6-m/nofp\libc_nano.a(libc_a-mbtowc_r.o)
                0x0000898e                __ascii_mbtowc
 .text.__ascii_wctomb
                0x000089b2       0x18 C:/Users/22868/.eide/tools/gcc_arm/bin/../lib/gcc/arm-none-eabi/15.2.1/../../../../arm-none-eabi/lib/thumb/v6-m/nofp\libc_nano.a(libc_a-wctomb_r.o)
                0x000089b2                __ascii_wctomb
 *fill*         0x000089ca        0x2 
 .text.fprintf  0x000089cc       0x20 C:/Users/22868/.eide/tools/gcc_arm/bin/../lib/gcc/arm-none-eabi/15.2.1/../../../../arm-none-eabi/lib/thumb/v6-m/nofp\libc_nano.a(libc_a-fprintf.o)
                0x000089cc                fiprintf
                0x000089cc                fprintf
 .text.abort    0x000089ec        0xe C:/Users/22868/.eide/tools/gcc_arm/bin/../lib/gcc/arm-none-eabi/15.2.1/../../../../arm-none-eabi/lib/thumb/v6-m/nofp\libc_nano.a(libc_a-abort.o)
                0x000089ec                abort
 .text.__sfputc_r
                0x000089fa       0x2a C:/Users/22868/.eide/tools/gcc_arm/bin/../lib/gcc/arm-none-eabi/15.2.1/../../../../arm-none-eabi/lib/thumb/v6-m/nofp\libc_nano.a(libc_a-nano-vfprintf.o)
 .text.__sfputs_r
                0x00008a24       0x24 C:/Users/22868/.eide/tools/gcc_arm/bin/../lib/gcc/arm-none-eabi/15.2.1/../../../../arm-none-eabi/lib/thumb/v6-m/nofp\libc_nano.a(libc_a-nano-vfprintf.o)
                0x00008a24                __sfputs_r
 .text._vfprintf_r
                0x00008a48      0x224 C:/Users/22868/.eide/tools/gcc_arm/bin/../lib/gcc/arm-none-eabi/15.2.1/../../../../arm-none-eabi/lib/thumb/v6-m/nofp\libc_nano.a(libc_a-nano-vfprintf.o)
                0x00008a48                _vfprintf_r
                0x00008a48                _vfiprintf_r
 .text.__swbuf_r
                0x00008c6c       0x82 C:/Users/22868/.eide/tools/gcc_arm/bin/../lib/gcc/arm-none-eabi/15.2.1/../../../../arm-none-eabi/lib/thumb/v6-m/nofp\libc_nano.a(libc_a-wbuf.o)
                0x00008c6c                __swbuf_r
 *fill*         0x00008cee        0x2 
 .text.__swsetup_r
                0x00008cf0       0xb8 C:/Users/22868/.eide/tools/gcc_arm/bin/../lib/gcc/arm-none-eabi/15.2.1/../../../../arm-none-eabi/lib/thumb/v6-m/nofp\libc_nano.a(libc_a-wsetup.o)
                0x00008cf0                __swsetup_r
 .text._raise_r
                0x00008da8       0x52 C:/Users/22868/.eide/tools/gcc_arm/bin/../lib/gcc/arm-none-eabi/15.2.1/../../../../arm-none-eabi/lib/thumb/v6-m/nofp\libc_nano.a(libc_a-signal.o)
                0x00008da8                _raise_r
 *fill*         0x00008dfa        0x2 
 .text.raise    0x00008dfc       0x14 C:/Users/22868/.eide/tools/gcc_arm/bin/../lib/gcc/arm-none-eabi/15.2.1/../../../../arm-none-eabi/lib/thumb/v6-m/nofp\libc_nano.a(libc_a-signal.o)
                0x00008dfc                raise
 .text._kill_r  0x00008e10       0x24 C:/Users/22868/.eide/tools/gcc_arm/bin/../lib/gcc/arm-none-eabi/15.2.1/../../../../arm-none-eabi/lib/thumb/v6-m/nofp\libc_nano.a(libc_a-signalr.o)
                0x00008e10                _kill_r
 .text._getpid_r
                0x00008e34        0x8 C:/Users/22868/.eide/tools/gcc_arm/bin/../lib/gcc/arm-none-eabi/15.2.1/../../../../arm-none-eabi/lib/thumb/v6-m/nofp\libc_nano.a(libc_a-signalr.o)
                0x00008e34                _getpid_r
 .text.__swhatbuf_r
                0x00008e3c       0x54 C:/Users/22868/.eide/tools/gcc_arm/bin/../lib/gcc/arm-none-eabi/15.2.1/../../../../arm-none-eabi/lib/thumb/v6-m/nofp\libc_nano.a(libc_a-makebuf.o)
                0x00008e3c                __swhatbuf_r
 .text.__smakebuf_r
                0x00008e90       0x72 C:/Users/22868/.eide/tools/gcc_arm/bin/../lib/gcc/arm-none-eabi/15.2.1/../../../../arm-none-eabi/lib/thumb/v6-m/nofp\libc_nano.a(libc_a-makebuf.o)
                0x00008e90                __smakebuf_r
 *fill*         0x00008f02        0x2 
 .text._fstat_r
                0x00008f04       0x24 C:/Users/22868/.eide/tools/gcc_arm/bin/../lib/gcc/arm-none-eabi/15.2.1/../../../../arm-none-eabi/lib/thumb/v6-m/nofp\libc_nano.a(libc_a-fstatr.o)
                0x00008f04                _fstat_r
 .text._isatty_r
                0x00008f28       0x24 C:/Users/22868/.eide/tools/gcc_arm/bin/../lib/gcc/arm-none-eabi/15.2.1/../../../../arm-none-eabi/lib/thumb/v6-m/nofp\libc_nano.a(libc_a-isattyr.o)
                0x00008f28                _isatty_r
 .text.__aeabi_i2d
                0x00008f4c       0x68 C:/Users/22868/.eide/tools/gcc_arm/bin/../lib/gcc/arm-none-eabi/15.2.1/thumb/v6-m/nofp\libgcc.a(floatsidf.o)
                0x00008f4c                __aeabi_i2d
 .text._sbrk    0x00008fb4       0x1c C:/Users/22868/.eide/tools/gcc_arm/bin/../lib/gcc/arm-none-eabi/15.2.1/../../../../arm-none-eabi/lib/thumb/v6-m/nofp\libnosys.a(sbrk.o)
                0x00008fb4                _sbrk
 .text._exit    0x00008fd0        0x4 C:/Users/22868/.eide/tools/gcc_arm/bin/../lib/gcc/arm-none-eabi/15.2.1/../../../../arm-none-eabi/lib/thumb/v6-m/nofp\libnosys.a(_exit.o)
                0x00008fd0                _exit
 .text.DL_Common_delayCycles
                0x00008fd4        0xc libraries\ti/driverlib/lib/gcc/m0p/mspm0g1x0x_g3x0x/driverlib.a(dl_common.o)
                0x00008fd4                DL_Common_delayCycles
 .text.DL_I2C_setClockConfig
                0x00008fe0       0x28 libraries\ti/driverlib/lib/gcc/m0p/mspm0g1x0x_g3x0x/driverlib.a(dl_i2c.o)
                0x00008fe0                DL_I2C_setClockConfig
 .text.DL_SPI_init
                0x00009008       0x40 libraries\ti/driverlib/lib/gcc/m0p/mspm0g1x0x_g3x0x/driverlib.a(dl_spi.o)
                0x00009008                DL_SPI_init
 .text.DL_SPI_setClockConfig
                0x00009048       0x14 libraries\ti/driverlib/lib/gcc/m0p/mspm0g1x0x_g3x0x/driverlib.a(dl_spi.o)
                0x00009048                DL_SPI_setClockConfig
 .text.DL_SPI_transmitDataBlocking8
                0x0000905c       0x18 libraries\ti/driverlib/lib/gcc/m0p/mspm0g1x0x_g3x0x/driverlib.a(dl_spi.o)
                0x0000905c                DL_SPI_transmitDataBlocking8
 .text.DL_Timer_setClockConfig
                0x00009074       0x1c libraries\ti/driverlib/lib/gcc/m0p/mspm0g1x0x_g3x0x/driverlib.a(dl_timer.o)
                0x00009074                DL_Timer_setClockConfig
 .text.DL_Timer_initTimerMode
                0x00009090       0x74 libraries\ti/driverlib/lib/gcc/m0p/mspm0g1x0x_g3x0x/driverlib.a(dl_timer.o)
                0x00009090                DL_Timer_initTimerMode
 .text.DL_Timer_setCaptureCompareValue
                0x00009104       0x14 libraries\ti/driverlib/lib/gcc/m0p/mspm0g1x0x_g3x0x/driverlib.a(dl_timer.o)
                0x00009104                DL_Timer_setCaptureCompareValue
 .text.DL_Timer_setCaptCompUpdateMethod
                0x00009118       0x20 libraries\ti/driverlib/lib/gcc/m0p/mspm0g1x0x_g3x0x/driverlib.a(dl_timer.o)
                0x00009118                DL_Timer_setCaptCompUpdateMethod
 .text.DL_Timer_setCaptureCompareOutCtl
                0x00009138       0x1c libraries\ti/driverlib/lib/gcc/m0p/mspm0g1x0x_g3x0x/driverlib.a(dl_timer.o)
                0x00009138                DL_Timer_setCaptureCompareOutCtl
 .text.DL_Timer_initFourCCPWMMode
                0x00009154      0x190 libraries\ti/driverlib/lib/gcc/m0p/mspm0g1x0x_g3x0x/driverlib.a(dl_timer.o)
                0x00009154                DL_Timer_initFourCCPWMMode
 .text.DL_UART_init
                0x000092e4       0x48 libraries\ti/driverlib/lib/gcc/m0p/mspm0g1x0x_g3x0x/driverlib.a(dl_uart.o)
                0x000092e4                DL_UART_init
 .text.DL_UART_setClockConfig
                0x0000932c       0x14 libraries\ti/driverlib/lib/gcc/m0p/mspm0g1x0x_g3x0x/driverlib.a(dl_uart.o)
                0x0000932c                DL_UART_setClockConfig
 .text.DL_UART_transmitDataBlocking
                0x00009340       0x18 libraries\ti/driverlib/lib/gcc/m0p/mspm0g1x0x_g3x0x/driverlib.a(dl_uart.o)
                0x00009340                DL_UART_transmitDataBlocking
 .text.DL_SYSCTL_configSYSPLL
                0x00009358      0x10c libraries\ti/driverlib/lib/gcc/m0p/mspm0g1x0x_g3x0x/driverlib.a(dl_sysctl_mspm0g1x0x_g3x0x.o)
                0x00009358                DL_SYSCTL_configSYSPLL
 .text.DL_SYSCTL_switchMCLKfromSYSOSCtoHSCLK
                0x00009464       0x3c libraries\ti/driverlib/lib/gcc/m0p/mspm0g1x0x_g3x0x/driverlib.a(dl_sysctl_mspm0g1x0x_g3x0x.o)
                0x00009464                DL_SYSCTL_switchMCLKfromSYSOSCtoHSCLK
 .text.DL_SYSCTL_setHFCLKSourceHFXTParams
                0x000094a0       0x80 libraries\ti/driverlib/lib/gcc/m0p/mspm0g1x0x_g3x0x/driverlib.a(dl_sysctl_mspm0g1x0x_g3x0x.o)
                0x000094a0                DL_SYSCTL_setHFCLKSourceHFXTParams
 .text.DL_SYSCTL_configFCC
                0x00009520       0x1c libraries\ti/driverlib/lib/gcc/m0p/mspm0g1x0x_g3x0x/driverlib.a(dl_sysctl_mspm0g1x0x_g3x0x.o)
                0x00009520                DL_SYSCTL_configFCC
                0x00009540                        . = ALIGN (0x8)
 *fill*         0x0000953c        0x4 
 *(.ctors)
                0x00009540                        . = ALIGN (0x8)
 *(.dtors)
                0x00009540                        . = ALIGN (0x8)
 *(.init)
 .init          0x00009540        0x4 C:/Users/22868/.eide/tools/gcc_arm/bin/../lib/gcc/arm-none-eabi/15.2.1/thumb/v6-m/nofp/crti.o
                0x00009540                _init
 .init          0x00009544        0x8 C:/Users/22868/.eide/tools/gcc_arm/bin/../lib/gcc/arm-none-eabi/15.2.1/thumb/v6-m/nofp/crtn.o
                0x00009550                        . = ALIGN (0x8)
 *fill*         0x0000954c        0x4 
 *(.fini*)
 .fini          0x00009550        0x4 C:/Users/22868/.eide/tools/gcc_arm/bin/../lib/gcc/arm-none-eabi/15.2.1/thumb/v6-m/nofp/crti.o
                0x00009550                _fini
 .fini_array    0x00009554        0x4 C:/Users/22868/.eide/tools/gcc_arm/bin/../lib/gcc/arm-none-eabi/15.2.1/thumb/v6-m/nofp/crtbegin.o
 .fini          0x00009558        0x8 C:/Users/22868/.eide/tools/gcc_arm/bin/../lib/gcc/arm-none-eabi/15.2.1/thumb/v6-m/nofp/crtn.o
                0x00009560                        . = ALIGN (0x8)

.glue_7         0x00009560        0x0
 .glue_7        0x00009560        0x0 linker stubs

.glue_7t        0x00009560        0x0
 .glue_7t       0x00009560        0x0 linker stubs

.vfp11_veneer   0x00009560        0x0
 .vfp11_veneer  0x00009560        0x0 linker stubs

.v4_bx          0x00009560        0x0
 .v4_bx         0x00009560        0x0 linker stubs

.iplt           0x00009560        0x0
 .iplt          0x00009560        0x0 C:/Users/22868/.eide/tools/gcc_arm/bin/../lib/gcc/arm-none-eabi/15.2.1/thumb/v6-m/nofp/crtbegin.o

.ramfunc        0x20200000        0x0 load address 0x00009560
                0x00009560                        __ramfunct_load__ = LOADADDR (.ramfunc)
                0x20200000                        __ramfunct_start__ = .
 *(.ramfunc)
                0x20200000                        . = ALIGN (0x8)
                0x20200000                        __ramfunct_end__ = .

.rodata         0x00009560     0x3a10
 *(.rodata)
                0x00009560                        . = ALIGN (0x8)
 *(.rodata.*)
 .rodata.ascii_3216
                0x00009560     0x17c0 ./build/Debug/.obj/source/Hardware/LCD/lcd.o
                0x00009560                ascii_3216
 .rodata.ascii_2412
                0x0000ad20     0x11d0 ./build/Debug/.obj/source/Hardware/LCD/lcd.o
                0x0000ad20                ascii_2412
 .rodata.ascii_1608
                0x0000bef0      0x5f0 ./build/Debug/.obj/source/Hardware/LCD/lcd.o
                0x0000bef0                ascii_1608
 .rodata.ascii_1206
                0x0000c4e0      0x474 ./build/Debug/.obj/source/Hardware/LCD/lcd.o
                0x0000c4e0                ascii_1206
 .rodata.Emm_V5_Read_Sys_Params
                0x0000c954       0x44 ./build/Debug/.obj/source/Hardware/Motor/42Motor.o
 .rodata.AO_Control.str1.4
                0x0000c998       0x2a ./build/Debug/.obj/source/Hardware/TB6612/bsp_tb6612.o
                                 0x21 (size before relaxing)
 *fill*         0x0000c9c2        0x2 
 .rodata.flex_button_scan
                0x0000c9c4       0x1c ./build/Debug/.obj/source/middle/mid_button.o
 .rodata.format_time.str1.4
                0x0000c9e0        0x0 ./build/Debug/.obj/source/middle/mid_laptime.o
                                  0x6 (size before relaxing)
 .rodata.gSPI_LCD_clockConfig
                0x0000c9e0        0x2 ./build/Debug/.obj/source/ti_msp_dl_config.o
 *fill*         0x0000c9e2        0x2 
 .rodata.gSPI_LCD_config
                0x0000c9e4        0xa ./build/Debug/.obj/source/ti_msp_dl_config.o
 *fill*         0x0000c9ee        0x2 
 .rodata.gUART_3Config
                0x0000c9f0        0xa ./build/Debug/.obj/source/ti_msp_dl_config.o
 *fill*         0x0000c9fa        0x2 
 .rodata.gUART_3ClockConfig
                0x0000c9fc        0x2 ./build/Debug/.obj/source/ti_msp_dl_config.o
 *fill*         0x0000c9fe        0x2 
 .rodata.gUART_2Config
                0x0000ca00        0xa ./build/Debug/.obj/source/ti_msp_dl_config.o
 *fill*         0x0000ca0a        0x2 
 .rodata.gUART_2ClockConfig
                0x0000ca0c        0x2 ./build/Debug/.obj/source/ti_msp_dl_config.o
 *fill*         0x0000ca0e        0x2 
 .rodata.gUART_1Config
                0x0000ca10        0xa ./build/Debug/.obj/source/ti_msp_dl_config.o
 *fill*         0x0000ca1a        0x2 
 .rodata.gUART_1ClockConfig
                0x0000ca1c        0x2 ./build/Debug/.obj/source/ti_msp_dl_config.o
 *fill*         0x0000ca1e        0x2 
 .rodata.gUART_0Config
                0x0000ca20        0xa ./build/Debug/.obj/source/ti_msp_dl_config.o
 *fill*         0x0000ca2a        0x2 
 .rodata.gUART_0ClockConfig
                0x0000ca2c        0x2 ./build/Debug/.obj/source/ti_msp_dl_config.o
 *fill*         0x0000ca2e        0x2 
 .rodata.gI2C_0ClockConfig
                0x0000ca30        0x2 ./build/Debug/.obj/source/ti_msp_dl_config.o
 *fill*         0x0000ca32        0x2 
 .rodata.gSTEP_TIMTimerConfig
                0x0000ca34       0x14 ./build/Debug/.obj/source/ti_msp_dl_config.o
 .rodata.gSTEP_TIMClockConfig
                0x0000ca48        0x3 ./build/Debug/.obj/source/ti_msp_dl_config.o
 *fill*         0x0000ca4b        0x1 
 .rodata.gTIMER_1TimerConfig
                0x0000ca4c       0x14 ./build/Debug/.obj/source/ti_msp_dl_config.o
 .rodata.gTIMER_1ClockConfig
                0x0000ca60        0x3 ./build/Debug/.obj/source/ti_msp_dl_config.o
 *fill*         0x0000ca63        0x1 
 .rodata.gTIMER_0TimerConfig
                0x0000ca64       0x14 ./build/Debug/.obj/source/ti_msp_dl_config.o
 .rodata.gTIMER_0ClockConfig
                0x0000ca78        0x3 ./build/Debug/.obj/source/ti_msp_dl_config.o
 *fill*         0x0000ca7b        0x1 
 .rodata.gPWM_0Config
                0x0000ca7c        0x8 ./build/Debug/.obj/source/ti_msp_dl_config.o
 .rodata.gPWM_0ClockConfig
                0x0000ca84        0x3 ./build/Debug/.obj/source/ti_msp_dl_config.o
 *fill*         0x0000ca87        0x1 
 .rodata.gSYSPLLConfig
                0x0000ca88       0x28 ./build/Debug/.obj/source/ti_msp_dl_config.o
 .rodata.__aeabi_fdiv
                0x0000cab0       0x7c C:/Users/22868/.eide/tools/gcc_arm/bin/../lib/gcc/arm-none-eabi/15.2.1/thumb/v6-m/nofp\libgcc.a(divsf3.o)
 .rodata.__aeabi_ddiv
                0x0000cb2c       0x40 C:/Users/22868/.eide/tools/gcc_arm/bin/../lib/gcc/arm-none-eabi/15.2.1/thumb/v6-m/nofp\libgcc.a(divdf3.o)
 .rodata._printf_float.str1.1
                0x0000cb6c      0x177 C:/Users/22868/.eide/tools/gcc_arm/bin/../lib/gcc/arm-none-eabi/15.2.1/../../../../arm-none-eabi/lib/thumb/v6-m/nofp\libc_nano.a(libc_a-nano-vfprintf_float.o)
                                 0x12 (size before relaxing)
 .rodata._printf_i.str1.1
                0x0000cce3        0x0 C:/Users/22868/.eide/tools/gcc_arm/bin/../lib/gcc/arm-none-eabi/15.2.1/../../../../arm-none-eabi/lib/thumb/v6-m/nofp\libc_nano.a(libc_a-nano-vfprintf_i.o)
                                 0x22 (size before relaxing)
 .rodata._dtoa_r.str1.1
                0x0000cce3        0x0 C:/Users/22868/.eide/tools/gcc_arm/bin/../lib/gcc/arm-none-eabi/15.2.1/../../../../arm-none-eabi/lib/thumb/v6-m/nofp\libc_nano.a(libc_a-dtoa.o)
                                 0x92 (size before relaxing)
 .rodata._Balloc.str1.1
                0x0000cce3        0x0 C:/Users/22868/.eide/tools/gcc_arm/bin/../lib/gcc/arm-none-eabi/15.2.1/../../../../arm-none-eabi/lib/thumb/v6-m/nofp\libc_nano.a(libc_a-mprec.o)
                                 0x73 (size before relaxing)
 .rodata.__multadd.str1.1
                0x0000cce3        0x0 C:/Users/22868/.eide/tools/gcc_arm/bin/../lib/gcc/arm-none-eabi/15.2.1/../../../../arm-none-eabi/lib/thumb/v6-m/nofp\libc_nano.a(libc_a-mprec.o)
                                 0x11 (size before relaxing)
 *fill*         0x0000cce3        0x1 
 .rodata.p05.0  0x0000cce4        0xc C:/Users/22868/.eide/tools/gcc_arm/bin/../lib/gcc/arm-none-eabi/15.2.1/../../../../arm-none-eabi/lib/thumb/v6-m/nofp\libc_nano.a(libc_a-mprec.o)
 .rodata.__mprec_bigtens
                0x0000ccf0       0x28 C:/Users/22868/.eide/tools/gcc_arm/bin/../lib/gcc/arm-none-eabi/15.2.1/../../../../arm-none-eabi/lib/thumb/v6-m/nofp\libc_nano.a(libc_a-mprec.o)
                0x0000ccf0                __mprec_bigtens
 .rodata.__mprec_tens
                0x0000cd18       0xc8 C:/Users/22868/.eide/tools/gcc_arm/bin/../lib/gcc/arm-none-eabi/15.2.1/../../../../arm-none-eabi/lib/thumb/v6-m/nofp\libc_nano.a(libc_a-mprec.o)
                0x0000cd18                __mprec_tens
 .rodata._setlocale_r.str1.1
                0x0000cde0        0x0 C:/Users/22868/.eide/tools/gcc_arm/bin/../lib/gcc/arm-none-eabi/15.2.1/../../../../arm-none-eabi/lib/thumb/v6-m/nofp\libc_nano.a(libc_a-locale.o)
                                  0x9 (size before relaxing)
 .rodata.str1.1
                0x0000cde0        0x0 C:/Users/22868/.eide/tools/gcc_arm/bin/../lib/gcc/arm-none-eabi/15.2.1/../../../../arm-none-eabi/lib/thumb/v6-m/nofp\libc_nano.a(libc_a-locale.o)
                                  0x2 (size before relaxing)
 .rodata.__assert_func.str1.1
                0x0000cde0        0x0 C:/Users/22868/.eide/tools/gcc_arm/bin/../lib/gcc/arm-none-eabi/15.2.1/../../../../arm-none-eabi/lib/thumb/v6-m/nofp\libc_nano.a(libc_a-assert.o)
                                 0x3d (size before relaxing)
 .rodata._ctype_
                0x0000cde0      0x101 C:/Users/22868/.eide/tools/gcc_arm/bin/../lib/gcc/arm-none-eabi/15.2.1/../../../../arm-none-eabi/lib/thumb/v6-m/nofp\libc_nano.a(libc_a-ctype_.o)
                0x0000cde0                _ctype_
 .rodata._vfprintf_r.str1.1
                0x0000cee1        0x0 C:/Users/22868/.eide/tools/gcc_arm/bin/../lib/gcc/arm-none-eabi/15.2.1/../../../../arm-none-eabi/lib/thumb/v6-m/nofp\libc_nano.a(libc_a-nano-vfprintf.o)
                                 0x11 (size before relaxing)
 *fill*         0x0000cee1        0x3 
 .rodata.DL_Timer_initTimerMode
                0x0000cee4       0x8c libraries\ti/driverlib/lib/gcc/m0p/mspm0g1x0x_g3x0x/driverlib.a(dl_timer.o)
                0x0000cf70                        . = ALIGN (0x8)

.eh_frame       0x0000cf70        0x0
 .eh_frame      0x0000cf70        0x0 C:/Users/22868/.eide/tools/gcc_arm/bin/../lib/gcc/arm-none-eabi/15.2.1/thumb/v6-m/nofp/crtbegin.o

.preinit_array  0x0000cf70        0x0
                0x0000cf70                        PROVIDE (__preinit_array_start = .)
 *(.preinit_array*)
                0x0000cf70                        PROVIDE (__preinit_array_end = .)

.init_array     0x0000cf70        0x4
                0x0000cf70                        . = ALIGN (0x8)
                0x0000cf70                        PROVIDE (__init_array_start = .)
 *(SORT_BY_NAME(.init_array.*))
 *(.init_array*)
 .init_array    0x0000cf70        0x4 C:/Users/22868/.eide/tools/gcc_arm/bin/../lib/gcc/arm-none-eabi/15.2.1/thumb/v6-m/nofp/crtbegin.o
                0x0000cf74                        PROVIDE (__init_array_end = .)

.fini_array     0x0000cf74        0x4
                0x0000cf78                        . = ALIGN (0x8)
 *fill*         0x0000cf74        0x4 
                [!provide]                        PROVIDE (__fini_array_start = .)
 *(SORT_BY_NAME(.fini_array.*))
 *(.fini_array*)
                [!provide]                        PROVIDE (__fini_array_end = .)
                0x0000cf78                        . = ALIGN (0x8)

.ARM.exidx      0x0000cf78        0x8
                0x0000cf78                        __exidx_start = .
 *(.ARM.exidx* .gnu.linkonce.armexidx.*)
 .ARM.exidx     0x0000cf78        0x8 C:/Users/22868/.eide/tools/gcc_arm/bin/../lib/gcc/arm-none-eabi/15.2.1/../../../../arm-none-eabi/lib/thumb/v6-m/nofp/crt0.o
                                 0x10 (size before relaxing)
                0x0000cf80                        __exidx_end = .

.ARM.extab      0x0000cf80        0x0
                0x0000cf80                        . = ALIGN (0x8)
 *(.ARM.extab* .gnu.linkonce.armextab.*)
 .ARM.extab     0x0000cf80        0x0 C:/Users/22868/.eide/tools/gcc_arm/bin/../lib/gcc/arm-none-eabi/15.2.1/../../../../arm-none-eabi/lib/thumb/v6-m/nofp/crt0.o
                0x0000cf80                        . = ALIGN (0x8)
                0x0000cf80                        __etext = .

.rel.dyn        0x0000cf80        0x0
 .rel.iplt      0x0000cf80        0x0 C:/Users/22868/.eide/tools/gcc_arm/bin/../lib/gcc/arm-none-eabi/15.2.1/thumb/v6-m/nofp/crtbegin.o

.data           0x20200000      0x2c8 load address 0x0000cf80
                0x0000cf80                        __data_load__ = LOADADDR (.data)
                0x20200000                        __data_start__ = .
 *(.data)
 .data          0x20200000        0x0 C:/Users/22868/.eide/tools/gcc_arm/bin/../lib/gcc/arm-none-eabi/15.2.1/thumb/v6-m/nofp/crti.o
 .data          0x20200000        0x0 C:/Users/22868/.eide/tools/gcc_arm/bin/../lib/gcc/arm-none-eabi/15.2.1/thumb/v6-m/nofp/crtbegin.o
 .data          0x20200000        0x0 C:/Users/22868/.eide/tools/gcc_arm/bin/../lib/gcc/arm-none-eabi/15.2.1/../../../../arm-none-eabi/lib/thumb/v6-m/nofp/crt0.o
 .data          0x20200000        0x0 ./build/Debug/.obj/libraries/ti/devices/msp/m0p/startup_system_files/gcc/startup_mspm0g350x_gcc.o
 .data          0x20200000        0x0 ./build/Debug/.obj/source/CTRL/Jetson/serial_ctrl.o
 .data          0x20200000        0x0 ./build/Debug/.obj/source/Hardware/BlueSerial/DL_30.o
 .data          0x20200000        0x0 ./build/Debug/.obj/source/Hardware/BlueSerial/bsp_hc05.o
 .data          0x20200000        0x0 ./build/Debug/.obj/source/Hardware/BlueSerial/bsp_hc05_1.o
 .data          0x20200000        0x0 ./build/Debug/.obj/source/Hardware/Board/board.o
 .data          0x20200000        0x0 ./build/Debug/.obj/source/Hardware/Buzzer&Light/B&L.o
 .data          0x20200000        0x0 ./build/Debug/.obj/source/Hardware/Encoder/Encoder.o
 .data          0x20200000        0x0 ./build/Debug/.obj/source/Hardware/Key/Key.o
 .data          0x20200000        0x0 ./build/Debug/.obj/source/Hardware/LCD/lcd.o
 .data          0x20200000        0x0 ./build/Debug/.obj/source/Hardware/LCD/lcd_init.o
 .data          0x20200000        0x0 ./build/Debug/.obj/source/Hardware/MPU6500/mpu6500.o
 .data          0x20200000        0x0 ./build/Debug/.obj/source/Hardware/Motor/42Motor.o
 .data          0x20200000        0x0 ./build/Debug/.obj/source/Hardware/Motor/stepper_motor.o
 .data          0x20200000        0x0 ./build/Debug/.obj/source/Hardware/TB6612/bsp_tb6612.o
 .data          0x20200000        0x0 ./build/Debug/.obj/source/Hardware/jy901s/jy901s.o
 .data          0x20200000        0x0 ./build/Debug/.obj/source/app/app_irtracking.o
 .data          0x20200000        0x0 ./build/Debug/.obj/source/app/app_key_task.o
 .data          0x20200000        0x0 ./build/Debug/.obj/source/app/app_ui.o
 .data          0x20200000        0x0 ./build/Debug/.obj/source/main.o
 .data          0x20200000        0x0 ./build/Debug/.obj/source/middle/mid_button.o
 .data          0x20200000        0x0 ./build/Debug/.obj/source/middle/mid_debug_led.o
 .data          0x20200000        0x0 ./build/Debug/.obj/source/middle/mid_laptime.o
 .data          0x20200000        0x0 ./build/Debug/.obj/source/middle/mid_pid.o
 .data          0x20200000        0x0 ./build/Debug/.obj/source/retarget_syscalls.o
 .data          0x20200000        0x0 ./build/Debug/.obj/source/ti_msp_dl_config.o
 .data          0x20200000        0x0 C:/Users/22868/.eide/tools/gcc_arm/bin/../lib/gcc/arm-none-eabi/15.2.1/../../../../arm-none-eabi/lib/thumb/v6-m/nofp\libm.a(libm_a-w_sqrt.o)
 .data          0x20200000        0x0 C:/Users/22868/.eide/tools/gcc_arm/bin/../lib/gcc/arm-none-eabi/15.2.1/../../../../arm-none-eabi/lib/thumb/v6-m/nofp\libm.a(libm_a-wf_atan2.o)
 .data          0x20200000        0x0 C:/Users/22868/.eide/tools/gcc_arm/bin/../lib/gcc/arm-none-eabi/15.2.1/../../../../arm-none-eabi/lib/thumb/v6-m/nofp\libm.a(libm_a-wf_sqrt.o)
 .data          0x20200000        0x0 C:/Users/22868/.eide/tools/gcc_arm/bin/../lib/gcc/arm-none-eabi/15.2.1/../../../../arm-none-eabi/lib/thumb/v6-m/nofp\libm.a(libm_a-e_sqrt.o)
 .data          0x20200000        0x0 C:/Users/22868/.eide/tools/gcc_arm/bin/../lib/gcc/arm-none-eabi/15.2.1/../../../../arm-none-eabi/lib/thumb/v6-m/nofp\libm.a(libm_a-ef_sqrt.o)
 .data          0x20200000        0x0 C:/Users/22868/.eide/tools/gcc_arm/bin/../lib/gcc/arm-none-eabi/15.2.1/../../../../arm-none-eabi/lib/thumb/v6-m/nofp\libm.a(libm_a-ef_atan2.o)
 .data          0x20200000        0x0 C:/Users/22868/.eide/tools/gcc_arm/bin/../lib/gcc/arm-none-eabi/15.2.1/../../../../arm-none-eabi/lib/thumb/v6-m/nofp\libm.a(libm_a-sf_atan.o)
 .data          0x20200000        0x0 C:/Users/22868/.eide/tools/gcc_arm/bin/../lib/gcc/arm-none-eabi/15.2.1/../../../../arm-none-eabi/lib/thumb/v6-m/nofp\libm.a(libm_a-sf_fabs.o)
 .data          0x20200000        0x0 C:/Users/22868/.eide/tools/gcc_arm/bin/../lib/gcc/arm-none-eabi/15.2.1/thumb/v6-m/nofp\libgcc.a(_udivsi3.o)
 .data          0x20200000        0x0 C:/Users/22868/.eide/tools/gcc_arm/bin/../lib/gcc/arm-none-eabi/15.2.1/thumb/v6-m/nofp\libgcc.a(_divsi3.o)
 .data          0x20200000        0x0 C:/Users/22868/.eide/tools/gcc_arm/bin/../lib/gcc/arm-none-eabi/15.2.1/thumb/v6-m/nofp\libgcc.a(_dvmd_tls.o)
 .data          0x20200000        0x0 C:/Users/22868/.eide/tools/gcc_arm/bin/../lib/gcc/arm-none-eabi/15.2.1/thumb/v6-m/nofp\libgcc.a(_arm_cmpdf2.o)
 .data          0x20200000        0x0 C:/Users/22868/.eide/tools/gcc_arm/bin/../lib/gcc/arm-none-eabi/15.2.1/thumb/v6-m/nofp\libgcc.a(_arm_cmpsf2.o)
 .data          0x20200000        0x0 C:/Users/22868/.eide/tools/gcc_arm/bin/../lib/gcc/arm-none-eabi/15.2.1/thumb/v6-m/nofp\libgcc.a(_fixunssfsi.o)
 .data          0x20200000        0x0 C:/Users/22868/.eide/tools/gcc_arm/bin/../lib/gcc/arm-none-eabi/15.2.1/thumb/v6-m/nofp\libgcc.a(addsf3.o)
 .data          0x20200000        0x0 C:/Users/22868/.eide/tools/gcc_arm/bin/../lib/gcc/arm-none-eabi/15.2.1/thumb/v6-m/nofp\libgcc.a(divsf3.o)
 .data          0x20200000        0x0 C:/Users/22868/.eide/tools/gcc_arm/bin/../lib/gcc/arm-none-eabi/15.2.1/thumb/v6-m/nofp\libgcc.a(eqsf2.o)
 .data          0x20200000        0x0 C:/Users/22868/.eide/tools/gcc_arm/bin/../lib/gcc/arm-none-eabi/15.2.1/thumb/v6-m/nofp\libgcc.a(gesf2.o)
 .data          0x20200000        0x0 C:/Users/22868/.eide/tools/gcc_arm/bin/../lib/gcc/arm-none-eabi/15.2.1/thumb/v6-m/nofp\libgcc.a(lesf2.o)
 .data          0x20200000        0x0 C:/Users/22868/.eide/tools/gcc_arm/bin/../lib/gcc/arm-none-eabi/15.2.1/thumb/v6-m/nofp\libgcc.a(mulsf3.o)
 .data          0x20200000        0x0 C:/Users/22868/.eide/tools/gcc_arm/bin/../lib/gcc/arm-none-eabi/15.2.1/thumb/v6-m/nofp\libgcc.a(subsf3.o)
 .data          0x20200000        0x0 C:/Users/22868/.eide/tools/gcc_arm/bin/../lib/gcc/arm-none-eabi/15.2.1/thumb/v6-m/nofp\libgcc.a(unordsf2.o)
 .data          0x20200000        0x0 C:/Users/22868/.eide/tools/gcc_arm/bin/../lib/gcc/arm-none-eabi/15.2.1/thumb/v6-m/nofp\libgcc.a(fixsfsi.o)
 .data          0x20200000        0x0 C:/Users/22868/.eide/tools/gcc_arm/bin/../lib/gcc/arm-none-eabi/15.2.1/thumb/v6-m/nofp\libgcc.a(floatsisf.o)
 .data          0x20200000        0x0 C:/Users/22868/.eide/tools/gcc_arm/bin/../lib/gcc/arm-none-eabi/15.2.1/thumb/v6-m/nofp\libgcc.a(floatunsisf.o)
 .data          0x20200000        0x0 C:/Users/22868/.eide/tools/gcc_arm/bin/../lib/gcc/arm-none-eabi/15.2.1/thumb/v6-m/nofp\libgcc.a(adddf3.o)
 .data          0x20200000        0x0 C:/Users/22868/.eide/tools/gcc_arm/bin/../lib/gcc/arm-none-eabi/15.2.1/thumb/v6-m/nofp\libgcc.a(divdf3.o)
 .data          0x20200000        0x0 C:/Users/22868/.eide/tools/gcc_arm/bin/../lib/gcc/arm-none-eabi/15.2.1/thumb/v6-m/nofp\libgcc.a(eqdf2.o)
 .data          0x20200000        0x0 C:/Users/22868/.eide/tools/gcc_arm/bin/../lib/gcc/arm-none-eabi/15.2.1/thumb/v6-m/nofp\libgcc.a(gedf2.o)
 .data          0x20200000        0x0 C:/Users/22868/.eide/tools/gcc_arm/bin/../lib/gcc/arm-none-eabi/15.2.1/thumb/v6-m/nofp\libgcc.a(ledf2.o)
 .data          0x20200000        0x0 C:/Users/22868/.eide/tools/gcc_arm/bin/../lib/gcc/arm-none-eabi/15.2.1/thumb/v6-m/nofp\libgcc.a(muldf3.o)
 .data          0x20200000        0x0 C:/Users/22868/.eide/tools/gcc_arm/bin/../lib/gcc/arm-none-eabi/15.2.1/thumb/v6-m/nofp\libgcc.a(subdf3.o)
 .data          0x20200000        0x0 C:/Users/22868/.eide/tools/gcc_arm/bin/../lib/gcc/arm-none-eabi/15.2.1/thumb/v6-m/nofp\libgcc.a(unorddf2.o)
 .data          0x20200000        0x0 C:/Users/22868/.eide/tools/gcc_arm/bin/../lib/gcc/arm-none-eabi/15.2.1/thumb/v6-m/nofp\libgcc.a(fixdfsi.o)