[2026-07-27 21:46:59]	[info] incremental build: 1 source files changed
These source files will be recompiled
---
'd:\M0\MSPM0_stepper_test\source\main.c': source file has been changed.

[2026-07-27 21:46:59]	compilation failed at : "d:\M0\MSPM0_stepper_test\source\main.c", exit code: 1
command: 
  "C:\Users\22868\.eide\tools\gcc_arm\bin\arm-none-eabi-gcc.exe" -c -xc -std=c11 -I.cmsis/include -Iinclude -Isource -Ilibraries -mcpu=cortex-m0plus -mthumb -O1 -Wall -g -ffunction-sections -fdata-sections -funsigned-char --specs=nosys.specs --specs=nano.specs -D__MSPM0G3507__ -D__USE_SYSCONFIG__ -o ./build/Debug/.obj/source/main.o -MMD ./source/main.c
   at unify_builder.Program.Main(String[] args_)
---
./source/main.c: In function 'main':
./source/main.c:67:5: error: implicit declaration of function 'Bluetooth_Init' [-Wimplicit-function-declaration]
   67 |     Bluetooth_Init();
      |     ^~~~~~~~~~~~~~
./source/main.c:76:13: error: 'BLERX_FLAG' undeclared (first use in this function)
   76 |         if (BLERX_FLAG == 1)
      |             ^~~~~~~~~~
./source/main.c:76:13: note: each undeclared identifier is reported only once for each function it appears in
./source/main.c:79:41: error: 'BLERX_BUFF' undeclared (first use in this function)
   79 |              char *Tag = strtok((char *)BLERX_BUFF, ",");
      |                                         ^~~~~~~~~~
./source/main.c:139:9: error: implicit declaration of function 'BlueSerial_Printf' [-Wimplicit-function-declaration]
  139 |         BlueSerial_Printf("[plot,%.1f,%.1f]", YawRate,turn_PID.Target);
      |         ^~~~~~~~~~~~~~~~~

[2026-07-27 21:47:48]	[info] incremental build: 3 source files changed
These source files will be recompiled
---
'd:\M0\MSPM0_stepper_test\source\Hardware\BlueSerial\bsp_hc05.c': source file has been changed.
'd:\M0\MSPM0_stepper_test\source\Hardware\BlueSerial\bsp_hc05_1.c': source file has been changed.
'd:\M0\MSPM0_stepper_test\source\main.c': source file has been changed.

[2026-07-27 21:47:49]	[done]
	build successfully !

[2026-07-27 21:48:10]	[info] incremental build: 1 source files changed
These source files will be recompiled
---
'd:\M0\MSPM0_stepper_test\source\app\app_irtracking.c': source file has been changed.

[2026-07-27 21:48:11]	[done]
	build successfully !

[2026-07-27 21:48:25]	[done]
	build successfully !

[2026-07-27 21:51:36]	[done]
	build successfully !

[2026-07-27 21:52:39]	[done]
	build successfully !

[2026-07-27 21:52:54]	[done]
	build successfully !

[2026-07-27 22:08:11]	[info] incremental build: 1 source files changed
These source files will be recompiled
---
'd:\M0\MSPM0_stepper_test\source\main.c': source file has been changed.

[2026-07-27 22:08:12]	compilation failed at : "d:\M0\MSPM0_stepper_test\source\main.c", exit code: 1
command: 
  "C:\Users\22868\.eide\tools\gcc_arm\bin\arm-none-eabi-gcc.exe" -c -xc -std=c11 -I.cmsis/include -Iinclude -Isource -Ilibraries -mcpu=cortex-m0plus -mthumb -O1 -Wall -g -ffunction-sections -fdata-sections -funsigned-char --specs=nosys.specs --specs=nano.specs -D__MSPM0G3507__ -D__USE_SYSCONFIG__ -o ./build/Debug/.obj/source/main.o -MMD ./source/main.c
   at unify_builder.Program.Main(String[] args_)
---
./source/main.c: In function 'TIMG0_IRQHandler':
./source/main.c:162:9: error: 'Angle' undeclared (first use in this function)
  162 |         Angle = -Gyro_Data.angle_z;
      |         ^~~~~
./source/main.c:162:9: note: each undeclared identifier is reported only once for each function it appears in

[2026-07-27 22:08:21]	[info] incremental build: 1 source files changed
These source files will be recompiled
---
'd:\M0\MSPM0_stepper_test\source\main.c': source file has been changed.

[2026-07-27 22:08:21]	[done]
	build successfully !

[2026-07-27 22:08:36]	[done]
	build successfully !

[2026-07-27 22:09:37]	[info] incremental build: 1 source files changed
These source files will be recompiled
---
'd:\M0\MSPM0_stepper_test\source\main.c': source file has been changed.

[2026-07-27 22:09:37]	[done]
	build successfully !

[2026-07-28 13:47:16]	[done]
	build successfully !

[2026-07-28 13:52:19]	[info] incremental build: 1 source files changed
These source files will be recompiled
---
'd:\M0\MSPM0_stepper_test\source\main.c': source file has been changed.

[2026-07-28 13:52:20]	[done]
	build successfully !

[2026-07-28 13:52:42]	[done]
	build successfully !

[2026-07-28 13:56:09]	[info] incremental build: 1 source files changed
These source files will be recompiled
---
'd:\M0\MSPM0_stepper_test\source\main.c': source file has been changed.

[2026-07-28 13:56:10]	[done]
	build successfully !

[2026-07-28 17:33:31]	[info] incremental build: 2 source files changed
These source files will be recompiled
---
'd:\M0\MSPM0_stepper_test\source\Hardware\Board\board.c': source file has been changed.
'd:\M0\MSPM0_stepper_test\source\main.c': source file has been changed.

[2026-07-28 17:33:32]	[done]
	build successfully !

[2026-07-28 17:33:46]	[done]
	build successfully !

[2026-07-28 17:35:47]	[done]
	build successfully !

[2026-07-29 15:34:29]	[done]
	build successfully !

[2026-07-29 15:35:02]	[done]
	build successfully !

[2026-07-29 15:39:19]	[info] incremental build: 1 source files changed
These source files will be recompiled
---
'd:\M0\MSPM0_stepper_test\source\main.c': source file has been changed.

[2026-07-29 15:39:20]	compilation failed at : "d:\M0\MSPM0_stepper_test\source\main.c", exit code: 1
command: 
  "C:\Users\22868\.eide\tools\gcc_arm\bin\arm-none-eabi-gcc.exe" -c -xc -std=c11 -I.cmsis/include -Iinclude -Isource -Ilibraries -mcpu=cortex-m0plus -mthumb -O1 -Wall -g -ffunction-sections -fdata-sections -funsigned-char --specs=nosys.specs --specs=nano.specs -D__MSPM0G3507__ -D__USE_SYSCONFIG__ -o ./build/Debug/.obj/source/main.o -MMD ./source/main.c
   at unify_builder.Program.Main(String[] args_)
---
./source/main.c:445:5: error: redefinition of 'main'
  445 | int main(void)
      |     ^~~~
./source/main.c:89:5: note: previous definition of 'main' with type 'int(void)'
   89 | int main(void)
      |     ^~~~
./source/main.c: In function 'main':
./source/main.c:447:20: error: 'TRACKING_CHANNELS' undeclared (first use in this function)
  447 |     uint8_t sensor[TRACKING_CHANNELS];
      |                    ^~~~~~~~~~~~~~~~~
./source/main.c:447:20: note: each undeclared identifier is reported only once for each function it appears in
./source/main.c:460:22: error: 'TRACKING_X_START' undeclared (first use in this function)
  460 |         uint16_t x = TRACKING_X_START + (uint16_t)channel * TRACKING_X_STEP;
      |                      ^~~~~~~~~~~~~~~~
./source/main.c:460:61: error: 'TRACKING_X_STEP' undeclared (first use in this function)
  460 |         uint16_t x = TRACKING_X_START + (uint16_t)channel * TRACKING_X_STEP;
      |                                                             ^~~~~~~~~~~~~~~
./source/main.c:470:9: error: implicit declaration of function 'tracking_read_raw' [-Wimplicit-function-declaration]
  470 |         tracking_read_raw(sensor);
      |         ^~~~~~~~~~~~~~~~~
./source/main.c:479:18: error: 'TRACKING_REFRESH_MS' undeclared (first use in this function)
  479 |         delay_ms(TRACKING_REFRESH_MS);
      |                  ^~~~~~~~~~~~~~~~~~~
./source/main.c:447:13: warning: unused variable 'sensor' [-Wunused-variable]
  447 |     uint8_t sensor[TRACKING_CHANNELS];
      |             ^~~~~~

[2026-07-29 15:39:39]	[info] incremental build: 1 source files changed
These source files will be recompiled
---
'd:\M0\MSPM0_stepper_test\source\main.c': source file has been changed.

[2026-07-29 15:39:40]	[done]
	build successfully !

[2026-07-29 15:40:23]	[info] incremental build: 1 source files changed
These source files will be recompiled
---
'd:\M0\MSPM0_stepper_test\source\app\app_irtracking.c': source file has been changed.

[2026-07-29 15:40:24]	[done]
	build successfully !

[2026-07-29 15:40:41]	[done]
	build successfully !

[2026-07-29 15:42:17]	[info] incremental build: 1 source files changed
These source files will be recompiled
---
'd:\M0\MSPM0_stepper_test\source\app\app_irtracking.c': source file has been changed.

[2026-07-29 15:42:18]	[done]
	build successfully !

[2026-07-29 15:42:30]	[done]
	build successfully !

[2026-07-29 15:43:44]	[done]
	build successfully !

[2026-07-29 15:43:49]	[info] incremental build: 1 source files changed
These source files will be recompiled
---
'd:\M0\MSPM0_stepper_test\source\app\app_irtracking.c': source file has been changed.

[2026-07-29 15:43:50]	[done]
	build successfully !

[2026-07-29 15:44:17]	[done]
	build successfully !

[2026-07-29 15:45:40]	[info] incremental build: 1 source files changed
These source files will be recompiled
---
'd:\M0\MSPM0_stepper_test\source\app\app_key_task.c': source file has been changed.

[2026-07-29 15:45:40]	[done]
	build successfully !

[2026-07-29 15:46:05]	[done]
	build successfully !

[2026-07-29 16:25:53]	[info] incremental build: 2 source files changed
These source files will be recompiled
---
'd:\M0\MSPM0_stepper_test\source\app\app_irtracking.c': source file has been changed.
'd:\M0\MSPM0_stepper_test\source\app\app_key_task.c': source file has been changed.

[2026-07-29 16:25:54]	[done]
	build successfully !

[2026-07-29 16:27:08]	[done]
	build successfully !

[2026-07-29 17:12:28]	[info] incremental build: 2 source files changed
These source files will be recompiled
---
'd:\M0\MSPM0_stepper_test\source\app\app_irtracking.c': source file has been changed.
'd:\M0\MSPM0_stepper_test\source\app\app_key_task.c': source file has been changed.

[2026-07-29 17:12:29]	[done]
	build successfully !

[2026-07-29 17:14:12]	[done]
	build successfully !

[2026-07-29 17:15:45]	[info] incremental build: 1 source files changed
These source files will be recompiled
---
'd:\M0\MSPM0_stepper_test\source\app\app_key_task.c': source file has been changed.

[2026-07-29 17:15:46]	[done]
	build successfully !

[2026-07-29 17:27:32]	[done]
	build successfully !

[2026-07-29 17:29:21]	[done]
	build successfully !

[2026-07-29 17:29:36]	[done]
	build successfully !

[2026-07-29 17:29:47]	[done]
	build successfully !

[2026-07-29 17:36:03]	[done]
	build successfully !

[2026-07-29 17:40:09]	[done]
	build successfully !

[2026-07-29 17:49:02]	[info] incremental build: 1 source files changed
These source files will be recompiled
---
'd:\M0\MSPM0_stepper_test\source\main.c': source file has been changed.

[2026-07-29 17:49:02]	[done]
	build successfully !

[2026-07-29 17:54:39]	[info] incremental build: 1 source files changed
These source files will be recompiled
---
'd:\M0\MSPM0_stepper_test\source\main.c': source file has been changed.

[2026-07-29 17:54:39]	[done]
	build successfully !

[2026-07-29 17:55:25]	[done]
	build successfully !

[2026-07-29 19:05:14]	[done]
	build successfully !

[2026-07-29 19:14:17]	[done]
	build successfully !

[2026-07-29 20:27:53]	[done]
	build successfully !

[2026-07-30 09:13:47]	[done]
	build successfully !

[2026-07-30 11:56:57]	[done]
	build successfully !

[2026-07-30 16:29:18]	[done]
	build successfully !

[2026-07-30 16:30:39]	[info] incremental build: 1 source files changed
These source files will be recompiled
---
'd:\M0\MSPM0_stepper_test\source\app\app_key_task.c': source file has been changed.

[2026-07-30 16:30:41]	[done]
	build successfully !

[2026-07-30 16:32:46]	[done]
	build successfully !

[2026-07-30 16:39:14]	[info] incremental build: 1 source files changed
These source files will be recompiled
---
'd:\M0\MSPM0_stepper_test\source\app\app_key_task.c': source file has been changed.

[2026-07-30 16:39:14]	[done]
	build successfully !

[2026-07-30 16:40:13]	[done]
	build successfully !

[2026-07-30 16:40:35]	[info] incremental build: 1 source files changed
These source files will be recompiled
---
'd:\M0\MSPM0_stepper_test\source\app\app_irtracking.c': source file has been changed.

[2026-07-30 16:40:35]	[done]
	build successfully !

[2026-07-30 16:43:57]	[info] incremental build: 1 source files changed
These source files will be recompiled
---
'd:\M0\MSPM0_stepper_test\source\app\app_irtracking.c': source file has been changed.

[2026-07-30 16:43:58]	[done]
	build successfully !

[2026-07-30 16:44:53]	[done]
	build successfully !

[2026-07-30 16:47:06]	[info] incremental build: 1 source files changed
These source files will be recompiled
---
'd:\M0\MSPM0_stepper_test\source\app\app_irtracking.c': source file has been changed.

[2026-07-30 16:47:06]	[done]
	build successfully !

[2026-07-30 16:47:16]	[info] incremental build: 1 source files changed
These source files will be recompiled
---
'd:\M0\MSPM0_stepper_test\source\app\app_key_task.c': source file has been changed.

[2026-07-30 16:47:16]	[done]
	build successfully !

